============================================================
  涨停热力矩阵采集  —  2026-07-13 11:51:48
============================================================
  📊 今日(07/13): 61 只涨停

  ✅ 热力矩阵: 10 日 × 15 板块
     其他: [56, 84, 57, 47, 48, 29, 21, 15, 18, 18]  (累计393)
     医药: [13, 22, 11, 18, 33, 4, 3, 3, 14, 14]  (累计135)
     AI算力: [10, 13, 0, 4, 3, 5, 5, 7, 9, 6]  (累计62)
     半导体: [102, 131, 4, 11, 9, 8, 11, 19, 33, 6]  (累计334)
     机器人: [38, 49, 13, 28, 20, 13, 3, 5, 12, 5]  (累计186)
     新能源车: [6, 4, 9, 9, 10, 5, 4, 2, 6, 3]  (累计58)
     通信设备: [5, 6, 1, 5, 5, 3, 3, 2, 7, 2]  (累计39)
     消费电子: [32, 37, 6, 11, 15, 5, 4, 5, 8, 2]  (累计125)
     地产链: [4, 6, 6, 3, 4, 4, 5, 4, 3, 2]  (累计41)
     电力: [5, 3, 4, 5, 4, 2, 2, 2, 4, 2]  (累计33)
     军工: [3, 5, 2, 4, 5, 3, 3, 1, 6, 1]  (累计33)
     固态电池: [1, 3, 1, 3, 3, 1, 0, 1, 1, 0]  (累计14)
     白酒消费: [3, 1, 2, 0, 1, 0, 1, 1, 0, 0]  (累计9)
     光伏: [3, 6, 1, 5, 2, 0, 0, 0, 0, 0]  (累计17)
     券商: [1, 11, 0, 2, 1, 0, 0, 0, 0, 0]  (累计15)

  输出: E:\workspace\stock-scanner\repo-temp\data\limit_up_heatmap.json
