
============================================================
  📊 午后扫描 (13:30/14:30/16:30)  —  2026-07-27 16:40:26
============================================================

  [0/1] 🔄 双机代码同步（强制拉取最新代码）...✓  6.3s
  🔄 模式不同 (backup vs afternoon)，正常启动
  ▶️ 正常启动 (xiaojiu, afternoon)
  [1/15] fetch_overnight_brief.py --news-only ✓  8.5s
  [2/15] scanner.py quick                    ✓  1.8s
  [3/15] gen_cockpit_tier_recommend.py       ✓  0.2s
  [4/15] fetch_sh_sz_history.py              ✓  2.5s
  [5/15] fetch_margin.py                     ✓  3.2s
  [6/15] fetch_concept_ranking.py            ✓  42.5s
  [7/15] fetch_market_alerts.py              ✓  53.4s
  [8/15] fetch_sector_fund_flow.py           ✓  14.9s
  [9/15] fetch_limit_up_heatmap.py           ✓  3.7s
  [10/15] push_china_data.py                  ✓  8.9s
  [11/15] update_data_v2.py                   ✓  180.3s
  [12/15] enhance_dist.py                     ✓  0.2s
  [13/15] refresh_standalone_and_deploy.py --skip-data --skip-deploy ✓  1.7s
  [14/15] sync_check.py                       ✓  7.4s
  🔒 部署前闸门检查 (verify_data_vs_website.py --fast --gate)...
  🚫 闸门 FAIL → 阻断部署（保留上一版正常数据），跳过: deploy_now.py --force
     原因: exit=2 | 0<00:00,  9.77it/s]
                                             

  0%|          | 0/2 [00:00<?, ?it/s]
100%|██████████| 2/2 [00:00<00:00, 14.51it/s]

============================================================
  总计: 15  成功: 14  失败: 1
  ✓ 全部通过
============================================================

  📝 交接日志已写: xiaojiu afternoon ✓
  📄 小九交接文档已更新: HANDOVER_小九_2026-07-27.md
  ✅ 清理心跳 (xiaojiu, afternoon)
