============================================================
  涨停热力矩阵采集  —  2026-08-03 15:34:05
============================================================
  📊 今日(08/03): 112 只涨停

  ✅ 热力矩阵: 10 日 × 14 板块
     固态电池: [0, 0, 0, 0, 0, 0, 0, 1, 0, 0]  (累计1)
     其他: [25, 30, 15, 17, 18, 19, 28, 69, 29, 70]  (累计320)
     白酒消费: [1, 2, 0, 0, 0, 1, 1, 11, 6, 10]  (累计32)
     医药: [10, 7, 10, 9, 5, 8, 10, 8, 6, 8]  (累计81)
     AI算力: [1, 3, 5, 5, 3, 4, 3, 5, 8, 7]  (累计44)
     电力: [11, 11, 10, 10, 12, 11, 12, 10, 6, 6]  (累计99)
     机器人: [1, 0, 2, 4, 6, 6, 7, 6, 2, 5]  (累计39)
     地产链: [2, 2, 2, 1, 3, 3, 3, 2, 2, 2]  (累计22)
     新能源车: [1, 1, 2, 1, 1, 2, 4, 7, 2, 2]  (累计23)
     军工: [0, 0, 0, 0, 2, 2, 2, 1, 0, 1]  (累计8)
     半导体: [0, 0, 5, 3, 3, 4, 4, 4, 2, 1]  (累计26)
     消费电子: [3, 6, 4, 2, 2, 1, 3, 5, 1, 0]  (累计27)
     券商: [1, 3, 0, 1, 0, 0, 0, 0, 0, 0]  (累计5)
     通信设备: [1, 2, 4, 4, 1, 0, 1, 1, 0, 0]  (累计14)

  输出: D:\stock-scanner-repo\repo-temp\data\limit_up_heatmap.json
