# HEARTBEAT_LOG v1 — ISO_TIMESTAMP | HOST | TASK | STATUS | EXTRA
2026-07-21 07:57:08 | xiaojiu | init | CREATED
2026-07-21 08:00:05 | xiaojiu | 08_交接检查 | DONE
2026-07-21 08:05:00 | xiaojiu | 紧急交接读取 | DONE
2026-07-21 08:06:00 | xiaojiu | 网络健康检查 | DONE
2026-07-21 09:07:22 | xiaojiu | 网络健康检查 | DONE
2026-07-21 09:18:52 | xiaojiu | 紧急交接读取 | DONE
2026-07-21 09:30:22 | xiaojiu | intraday_09_30 | DONE
2026-07-21 09:43:33 | xiaojiu | 本机中国源数据 | DONE
2026-07-21 10:00:24 | xiaojiu | candidate_pool_watchdog | DONE
2026-07-21 10:06:02 | xiaojiu | candidate_pool_watchdog | DONE
2026-07-21 11:51:14 | xiaojiu | candidate_pool_watchdog | DONE
2026-07-21 11:52:35 | xiaojiu | intraday_11_46 | DONE
2026-07-21 12:22:49 | xiaojiu | candidate_pool_watchdog | DONE
2026-07-21 12:57:33 | xiaojiu | candidate_pool_watchdog | DONE
2026-07-21 14:48:25 | xiaojiu | candidate_pool_watchdog | DONE
2026-07-21 15:22:44 | xiaojiu | candidate_pool_watchdog | DONE
2026-07-21 16:43:35 | xiaojiu | intraday_rescue_16_38 | DONE | 22tasks_model_fixed
2026-07-21 16:49:02 | xiaojiu | audit_automations | ERROR | E:19 W:8 F:0
2026-07-21 16:50:39 | xiaojiu | audit_automations | ERROR | E:19 W:8 F:0
2026-07-21 16:59:57 | xiaojiu | audit_automations | ERROR | E:20 W:8 F:0
2026-07-21 17:00:05 | xiaojiu | audit_automations | ERROR | E:20 W:8 F:0
2026-07-21 17:00:38 | xiaojiu | audit_automations | ERROR | E:19 W:9 F:0
2026-07-21 17:01:28 | xiaojiu | candidate_pool_watchdog | DONE
2026-07-21 17:02:04 | xiaojiu | 紧急交接读取 | DONE
2026-07-21 17:05:00 | xiaojiu | audit_automations | ERROR | E:19 W:9 F:1
2026-07-21 17:05:19 | xiaojiu | candidate_pool_watchdog | DONE
2026-07-21 17:21:14 | xiaojiu | neodata_token_17_25 | DONE
2026-07-21 17:29:47 | xiaojiu | neodata_17_31 | DONE
2026-07-21 17:40:41 | xiaojiu | audit_automations | ERROR | E:19 W:10 F:0
2026-07-21 17:57:49 | xiaojiu | candidate_pool_watchdog | DONE
2026-07-21 18:01:08 | xiaojiu | candidate_pool_watchdog | DONE
2026-07-21 18:53:52 | xiaojiu | candidate_pool_watchdog | DONE
2026-07-21 18:56:49 | xiaojiu | candidate_pool_watchdog | DONE
2026-07-21 18:58:30 | xiaojiu | 紧急交接读取 | DONE
2026-07-21 19:33:03 | xiaojiu | close_19_30_deploy | DONE
2026-07-21 19:50:13 | xiaojiu | candidate_pool_watchdog | DONE
2026-07-21 19:53:16 | xiaojiu | candidate_pool_watchdog | DONE
2026-07-21 20:46:13 | xiaojiu | candidate_pool_watchdog | DONE
2026-07-21 20:48:55 | xiaojiu | candidate_pool_watchdog | DONE
2026-07-21 20:55:09 | xiaojiu | 紧急交接读取 | DONE
2026-07-21 21:41:55 | xiaojiu | candidate_pool_watchdog | DONE
2026-07-21 21:45:14 | xiaojiu | candidate_pool_watchdog | DONE
2026-07-21 22:37:45 | xiaojiu | candidate_pool_watchdog | DONE
2026-07-21 22:40:52 | xiaojiu | candidate_pool_watchdog | DONE
2026-07-21 22:53:17 | xiaojiu | 紧急交接读取 | DONE
2026-07-21 23:33:23 | xiaojiu | candidate_pool_watchdog | DONE
2026-07-21 23:36:23 | xiaojiu | candidate_pool_watchdog | DONE
2026-07-22 00:29:24 | xiaojiu | candidate_pool_watchdog | DONE
2026-07-22 00:31:54 | xiaojiu | candidate_pool_watchdog | DONE
2026-07-22 00:50:20 | xiaojiu | 紧急交接读取 | DONE
2026-07-22 01:24:57 | xiaojiu | candidate_pool_watchdog | DONE
2026-07-22 01:27:54 | xiaojiu | candidate_pool_watchdog | DONE
2026-07-22 02:20:55 | xiaojiu | candidate_pool_watchdog | DONE
2026-07-22 02:23:22 | xiaojiu | candidate_pool_watchdog | DONE
2026-07-22 02:46:34 | xiaojiu | 紧急交接读取 | DONE
2026-07-22 03:16:25 | xiaojiu | candidate_pool_watchdog | DONE
2026-07-22 03:18:55 | xiaojiu | candidate_pool_watchdog | DONE
2026-07-22 04:12:26 | xiaojiu | candidate_pool_watchdog | DONE
2026-07-22 04:14:26 | xiaojiu | candidate_pool_watchdog | DONE
2026-07-22 04:43:04 | xiaojiu | 紧急交接读取 | DONE
2026-07-22 05:08:27 | xiaojiu | candidate_pool_watchdog | DONE
2026-07-22 05:10:05 | xiaojiu | candidate_pool_watchdog | DONE
2026-07-22 06:04:00 | xiaojiu | candidate_pool_watchdog | DONE
2026-07-22 06:05:58 | xiaojiu | candidate_pool_watchdog | DONE
2026-07-22 06:39:12 | xiaojiu | 紧急交接读取 | DONE
2026-07-22 06:59:32 | xiaojiu | candidate_pool_watchdog | DONE
2026-07-22 07:03:40 | xiaojiu | candidate_pool_watchdog | DONE
2026-07-22 07:52:04 | xiaojiu | 08_交接检查 | DONE
2026-07-22 07:56:15 | xiaojiu | candidate_pool_watchdog | DONE
2026-07-22 07:56:24 | xiaojiu | candidate_pool_watchdog | DONE
2026-07-22 07:57:06 | xiaojiu | audit_automations | ERROR | E:17 W:3 F:0
2026-07-22 08:20:48 | xiaojiu | audit_automations | ERROR | E:17 W:3 F:0
2026-07-22 08:20:57 | xiaojiu | audit_automations | alert | severity=ERROR errors=17 warns=3 fixed=0 | 静默失败: 3×400内部错误, 10×429限流, 4×502网络DNS | 空rrule: 09:45云端部署复查 | neodata有效期不一致 | hy3已切fallback但仍有429
2026-07-22 08:20:57 | xiaojiu | audit_automations | DONE
2026-07-22 09:06:46 | xiaojiu | 网络健康检查 | DONE
2026-07-22 09:08:58 | xiaojiu | 全时段健康监控 | DONE
2026-07-22 09:20:21 | xiaojiu | ipo_preopen_0925 | DONE
2026-07-22 09:37:23 | xiaojiu | candidate_pool_watchdog | DONE
2026-07-22 09:37:24 | xiaojiu | intraday_09_30 | DONE
2026-07-22 09:38:00 | xiaojiu | candidate_pool_watchdog | DONE
2026-07-22 09:40:01 | xiaojiu | 本机中国源数据 | DONE
2026-07-22 09:43:54 | xiaojiu | pre_market_deploy | DONE | build=20260722094256
2026-07-22 10:20:28 | xiaojiu | 紧急交接读取 | DONE
2026-07-22 10:28:37 | xiaojiu | candidate_pool_watchdog | DONE
2026-07-22 10:29:25 | xiaojiu | candidate_pool_watchdog | DONE
2026-07-22 10:48:11 | xiaojiu | intraday_refresh | START
2026-07-22 11:03:35 | xiaojiu | intraday_refresh | DONE | build=20260722110227
2026-07-22 11:29:26 | xiaojiu | 本机中国源数据 | DEPLOYED | build=20260722112827
2026-07-22 11:29:26 | xiaojiu | 本机中国源数据 | DONE
2026-07-22 11:30:58 | xiaojiu | candidate_pool_watchdog | DONE
2026-07-22 11:57:00 | xiaojiu | intraday_11_46 | DONE
2026-07-22 12:16:31 | xiaojiu | 紧急交接读取 | DONE
2026-07-22 12:21:34 | xiaojiu | candidate_pool_watchdog | DONE
2026-07-22 13:25:58 | xiaojiu | 网络健康检查 | DONE | 27自动化ACTIVE, 近2h失败0(11:25-13:25全DONE), 云端机制已修复(cloud-bot 13:18首部署)
2026-07-22 13:49:21 | xiaojiu | candidate_pool_watchdog | DONE
2026-07-22 13:51:58 | xiaojiu | intraday_13_31 | DONE
2026-07-22 14:12:26 | xiaojiu | 紧急交接读取 | DONE
2026-07-22 14:13:08 | xiaojiu | candidate_pool_watchdog | DONE
2026-07-22 14:45:13 | xiaojiu | intraday_14_31 | DONE
2026-07-22 14:52:14 | xiaojiu | candidate_pool_watchdog | DONE
2026-07-22 15:09:06 | xiaojiu | candidate_pool_watchdog | DONE
2026-07-22 15:48:33 | xiaojiu | candidate_pool_watchdog | DONE
2026-07-22 16:41:42 | xiaojiu | post_close_16_31 | DONE
2026-07-22 16:44:36 | xiaojiu | candidate_pool_watchdog | DONE
2026-07-22 17:00:45 | xiaojiu | candidate_pool_watchdog | DONE
2026-07-22 17:20:56 | xiaojiu | neodata_token_17_25 | DONE
2026-07-22 17:30:05 | xiaojiu | neodata_17_31 | DONE
2026-07-22 17:30:31 | xiaojiu | crisis_17_35 | SKIP | update_time=2026-07-22 17:08:45 (fresh, <24h)
2026-07-22 17:57:04 | xiaojiu | candidate_pool_watchdog | DONE
2026-07-22 18:04:57 | xiaojiu | 紧急交接读取 | DONE
2026-07-22 18:36:04 | xiaojiu | candidate_pool_watchdog | DONE
2026-07-22 18:53:09 | xiaojiu | candidate_pool_watchdog | DONE
2026-07-22 22:01:50 | xiaojiu | audit_automations | ERROR | E:13 W:1 F:0
2026-07-23 07:50:34 | xiaojiu | 08_交接检查 | DONE
2026-07-23 07:53:51 | xiaojiu | candidate_pool_watchdog | DONE
2026-07-23 07:56:52 | xiaojiu | audit_automations | ERROR | E:17 W:2 F:0
2026-07-23 08:20:48 | xiaojiu | audit_automations | ERROR | E:17 W:2 F:0
2026-07-23 08:20:48 | audit_automations | ALERT | severity=ERROR, errors=17(502x7+429x10), warns=2(empty_rrule+neodata_consistency), fixed=0
2026-07-23 08:20:48 | xiaojiu | audit_automations | DONE
2026-07-23 08:27:18 | xiaojiu | candidate_pool_watchdog | DONE
2026-07-23 08:52:29 | xiaojiu | 全时段健康监控 | DONE
2026-07-23 08:53:13 | xiaojiu | cloud_dispatch_trigger | DONE
2026-07-23 08:54:16 | xiaojiu | C盘空间预警 | DONE
2026-07-23 08:55:17 | xiaojiu | pre_market_deploy | DONE | build=20260723085517
2026-07-23 09:06:27 | xiaojiu | 网络健康检查 | DONE
2026-07-23 09:33:55 | xiaojiu | intraday_09_30 | DONE
2026-07-23 09:40:45 | xiaojiu | neodata_token_manual_refresh | DONE
2026-07-23 09:43:06 | xiaojiu | candidate_pool_watchdog | DONE
2026-07-23 10:34:25 | xiaojiu | candidate_pool_watchdog | DONE
2026-07-23 10:42:58 | xiaojiu | pre_market_deploy_self_heal | DONE
2026-07-23 11:15:20 | xiaojiu | candidate_pool_watchdog | DONE
2026-07-23 11:26:08 | xiaojiu | 紧急交接读取 | DONE
2026-07-23 11:30:12 | xiaojiu | candidate_pool_watchdog | DONE
2026-07-23 12:04:13 | xiaojiu | intraday_11_46 | DONE
2026-07-23 12:22:31 | xiaojiu | candidate_pool_watchdog | DONE
2026-07-23 12:31:59 | xiaojiu | candidate_pool_watchdog | DONE
2026-07-23 13:18:25 | xiaojiu | candidate_pool_watchdog | DONE
2026-07-23 13:22:17 | xiaojiu | 紧急交接读取 | DONE
2026-07-23 13:46:06 | xiaojiu | intraday_13_31 | DONE
2026-07-23 13:48:12 | xiaojiu | candidate_pool_watchdog | DONE
2026-07-23 14:14:26 | xiaojiu | candidate_pool_watchdog | DONE
2026-07-23 15:09:58 | xiaojiu | candidate_pool_watchdog | DONE
2026-07-23 15:18:14 | xiaojiu | 紧急交接读取 | DONE
2026-07-23 15:55:09 | xiaojiu | candidate_pool_watchdog | DONE
2026-07-23 16:06:15 | xiaojiu | candidate_pool_watchdog | DONE
2026-07-23 16:42:05 | xiaojiu | post_close_16_31 | DONE
2026-07-23 16:51:08 | xiaojiu | candidate_pool_watchdog | DONE
2026-07-23 17:02:15 | xiaojiu | candidate_pool_watchdog | DONE
2026-07-23 09:11:52 | xiaojiu | handover_read | DONE
2026-07-23 17:12:15 | xiaojiu | handover_read | DONE
2026-07-23 17:14:40 | xiaojiu | 紧急交接读取 | DONE
2026-07-23 17:21:22 | xiaojiu | neodata_token_17_25 | DONE
2026-07-23 17:31:37 | xiaojiu | crisis_17_35 | DONE | update_time=update_time": "2026-07-23 17:31:17"
2026-07-23 17:31:58 | xiaojiu | neodata_17_31 | DONE
2026-07-23 17:55:56 | xiaojiu | 全时段健康监控 | DONE
2026-07-23 17:58:20 | xiaojiu | cloud_dispatch_trigger | DONE
2026-07-23 17:58:22 | xiaojiu | cloud_dispatch_trigger | DONE
2026-07-23 17:58:56 | xiaojiu | cloud_dispatch_trigger | DONE
2026-07-23 17:59:32 | xiaojiu | 全时段健康监控 | DONE
2026-07-23 18:00:00 | xiaojiu | audit_automations | ERROR | E:14 W:1 F:0
2026-07-23 18:00:06 | xiaojiu | audit_automations | ERROR | E:14 W:1 F:0
2026-07-23 18:00:22 | xiaojiu | cloud_dispatch_trigger | DONE
2026-07-23 18:00:53 | xiaojiu | candidate_pool_watchdog | DONE
2026-07-23 18:02:22 | xiaojiu | 网络健康检查 | DONE
2026-07-23 18:03:18 | xiaojiu | audit_automations | WARN | E:0 W:1 F:0
2026-07-23 18:04:00 | xiaojiu | audit_automations | OK | E:0 W:0 F:0
2026-07-23 18:19:37 | xiaojiu | 本机中国源数据 | DEPLOYED
2026-07-23 18:19:37 | xiaojiu | 本机中国源数据 | DONE
2026-07-23 18:48:20 | xiaojiu | candidate_pool_watchdog | DONE
2026-07-23 18:52:18 | xiaojiu | 全时段健康监控 | DONE
2026-07-23 18:54:46 | xiaojiu | cloud_dispatch_trigger | DONE
2026-07-23 18:55:15 | xiaojiu | cloud_dispatch_trigger | DONE
2026-07-23 18:55:19 | xiaojiu | cloud_dispatch_trigger | DONE
2026-07-23 18:58:12 | xiaojiu | audit_automations | WARN | E:0 W:1 F:0
2026-07-23 18:58:05 | xiaojiu | cloud_dispatch_trigger | DONE
2026-07-23 18:58:41 | xiaojiu | candidate_pool_watchdog | DONE
2026-07-23 18:59:21 | xiaojiu | 全时段健康监控 | DONE
2026-07-23 18:59:53 | xiaojiu | 网络健康检查 | DONE
2026-07-23 19:00:15 | xiaojiu | close_19_05_scan | START
2026-07-23 19:10:41 | xiaojiu | 紧急交接读取 | DONE
2026-07-23 19:44:06 | xiaojiu | candidate_pool_watchdog | DONE
2026-07-23 19:48:39 | xiaojiu | 全时段健康监控 | DONE
2026-07-23 19:54:02 | xiaojiu | cloud_dispatch_trigger | DONE
2026-07-23 19:56:18 | xiaojiu | cloud_dispatch_trigger | DONE
2026-07-23 19:56:46 | xiaojiu | candidate_pool_watchdog | DONE
2026-07-23 19:56:54 | xiaojiu | cloud_dispatch_trigger | DONE
2026-07-23 19:57:18 | xiaojiu | audit_automations | OK | E:0 W:0 F:0
2026-07-23 19:57:33 | xiaojiu | cloud_dispatch_trigger | DONE
2026-07-23 19:57:58 | xiaojiu | 全时段健康监控 | DONE
2026-07-23 19:58:21 | xiaojiu | 网络健康检查 | DONE
2026-07-23 20:31:15 | xiaojiu | 本机中国源数据 | DEPLOYED
2026-07-23 20:31:15 | xiaojiu | 本机中国源数据 | DONE
2026-07-23 20:39:39 | xiaojiu | candidate_pool_watchdog | DONE
2026-07-23 20:45:08 | xiaojiu | 全时段健康监控 | DONE
2026-07-23 20:53:04 | xiaojiu | cloud_dispatch_trigger | DONE
2026-07-23 20:53:24 | xiaojiu | cloud_dispatch_trigger | DONE
2026-07-23 20:53:37 | xiaojiu | candidate_pool_watchdog | DONE
2026-07-23 20:54:43 | xiaojiu | 全时段健康监控 | DONE
2026-07-23 20:55:22 | xiaojiu | 网络健康检查 | DONE
2026-07-23 20:56:11 | xiaojiu | cloud_dispatch_trigger | DONE
2026-07-23 20:58:35 | xiaojiu | audit_automations | OK | E:0 W:0 F:0
2026-07-23 20:58:36 | xiaojiu | cloud_dispatch_trigger | DONE
2026-07-23 21:05:34 | xiaojiu | backup_21_10 | START
2026-07-23 21:06:21 | xiaojiu | 紧急交接读取 | DONE
2026-07-23 21:35:38 | xiaojiu | candidate_pool_watchdog | DONE
2026-07-23 21:39:32 | xiaojiu | 本机中国源数据 | DEPLOYED
2026-07-23 21:39:35 | xiaojiu | 本机中国源数据 | DONE
2026-07-23 21:41:10 | xiaojiu | 全时段健康监控 | DONE
2026-07-23 21:49:27 | xiaojiu | cloud_dispatch_trigger | DONE
2026-07-23 21:49:39 | xiaojiu | candidate_pool_watchdog | DONE
2026-07-23 21:51:20 | xiaojiu | 网络健康检查 | DONE
2026-07-23 21:51:50 | xiaojiu | cloud_dispatch_trigger | DONE
2026-07-23 21:54:39 | xiaojiu | cloud_dispatch_trigger | DONE
2026-07-23 21:55:06 | xiaojiu | audit_automations | OK | E:0 W:0 F:0
2026-07-23 21:50:26 | xiaojiu | 全时段健康监控 | FAILED_FALSE_POSITIVE
2026-07-23 21:59:50 | xiaojiu | cloud_dispatch_trigger | DONE
2026-07-23 22:31:17 | xiaojiu | candidate_pool_watchdog | DONE
2026-07-23 22:41:22 | xiaojiu | 全时段健康监控 | DONE
2026-07-23 22:45:16 | xiaojiu | candidate_pool_watchdog | DONE
2026-07-23 22:45:37 | xiaojiu | cloud_dispatch_trigger | DONE
2026-07-23 22:47:21 | xiaojiu | 网络健康检查 | DONE
2026-07-23 22:47:52 | xiaojiu | 本机中国源数据 | DEPLOYED
2026-07-23 22:47:52 | xiaojiu | 本机中国源数据 | DONE
2026-07-23 22:50:52 | xiaojiu | cloud_dispatch_trigger | DONE
2026-07-23 22:52:41 | xiaojiu | audit_automations | OK | E:0 W:0 F:0
2026-07-23 22:54:15 | xiaojiu | 全时段健康监控 | DONE
2026-07-23 22:55:48 | xiaojiu | cloud_dispatch_trigger | DONE
2026-07-23 22:57:17 | xiaojiu | cloud_dispatch_trigger | DONE
2026-07-23 23:02:29 | xiaojiu | 紧急交接读取 | DONE
2026-07-23 23:27:19 | xiaojiu | candidate_pool_watchdog | DONE
2026-07-23 23:37:49 | xiaojiu | 全时段健康监控 | DONE
2026-07-23 23:41:19 | xiaojiu | candidate_pool_watchdog | DONE
2026-07-23 23:43:14 | xiaojiu | 网络健康检查 | DONE
2026-07-23 23:45:31 | xiaojiu | cloud_dispatch_trigger | DONE
2026-07-23 23:48:23 | xiaojiu | cloud_dispatch_trigger | DONE
2026-07-23 23:49:42 | xiaojiu | audit_automations | OK | E:0 W:0 F:0
2026-07-23 23:51:25 | xiaojiu | 本机中国源数据 | PULL_FAILED
2026-07-24 00:57:43 | xiaojiu | cloud_dispatch_trigger | DONE
2026-07-24 00:58:33 | xiaojiu | 紧急交接读取 | DONE
2026-07-24 00:59:48 | xiaojiu | cloud_dispatch_trigger | DONE
2026-07-24 01:05:05 | xiaojiu | 本机中国源数据 | DEPLOYED
2026-07-24 01:05:07 | xiaojiu | 本机中国源数据 | DONE
2026-07-24 01:18:46 | xiaojiu | candidate_pool_watchdog | DONE
2026-07-24 01:30:17 | xiaojiu | 全时段健康监控 | DONE
2026-07-24 01:32:46 | xiaojiu | candidate_pool_watchdog | DONE
2026-07-24 01:35:08 | xiaojiu | 网络健康检查 | DONE
2026-07-24 01:39:23 | xiaojiu | cloud_dispatch_trigger | DONE
2026-07-24 01:45:25 | xiaojiu | cloud_dispatch_trigger | DONE
2026-07-24 01:47:45 | xiaojiu | 全时段健康监控 | DONE
2026-07-24 01:50:43 | xiaojiu | audit_automations | OK | E:0 W:0 F:0
2026-07-24 01:53:20 | xiaojiu | cloud_dispatch_trigger | DONE
2026-07-24 01:55:30 | xiaojiu | cloud_dispatch_trigger | DONE
2026-07-24 03:18:01 | xiaojiu | 本机中国源数据 | DONE
2026-07-24 03:22:49 | xiaojiu | 全时段健康监控 | DONE
2026-07-24 03:24:51 | xiaojiu | candidate_pool_watchdog | DONE
2026-07-24 03:27:10 | xiaojiu | 网络健康检查 | DONE
2026-07-24 03:31:21 | xiaojiu | cloud_dispatch_trigger | DONE
2026-07-24 03:37:53 | xiaojiu | cloud_dispatch_trigger | DONE
2026-07-24 03:40:18 | xiaojiu | 全时段健康监控 | DONE
2026-07-24 03:43:46 | xiaojiu | audit_automations | OK | E:0 W:0 F:0
2026-07-24 03:45:05 | xiaojiu | cloud_dispatch_trigger | DONE
2026-07-24 03:46:51 | xiaojiu | cloud_dispatch_trigger | DONE
2026-07-24 04:05:49 | xiaojiu | candidate_pool_watchdog | DONE
2026-07-24 04:19:21 | xiaojiu | 全时段健康监控 | DONE
2026-07-24 04:20:49 | xiaojiu | candidate_pool_watchdog | DONE
2026-07-24 04:23:01 | xiaojiu | 网络健康检查 | DONE
2026-07-24 04:25:06 | xiaojiu | 本机中国源数据 | DEPLOYED
2026-07-23 20:25:06 | xiaojiu | 本机中国源数据 | DONE
2026-07-24 04:26:52 | xiaojiu | cloud_dispatch_trigger | DONE
2026-07-24 04:33:55 | xiaojiu | cloud_dispatch_trigger | DONE
2026-07-24 04:36:52 | xiaojiu | 全时段健康监控 | DONE
2026-07-24 04:39:46 | xiaojiu | audit_automations | OK | E:0 W:0 F:0
2026-07-24 04:40:50 | xiaojiu | cloud_dispatch_trigger | DONE
2026-07-24 04:42:23 | xiaojiu | cloud_dispatch_trigger | DONE
2026-07-24 04:50:58 | xiaojiu | 紧急交接读取 | DONE
2026-07-24 05:01:20 | xiaojiu | candidate_pool_watchdog | DONE
2026-07-24 05:15:52 | xiaojiu | 全时段健康监控 | DONE
2026-07-24 05:16:52 | xiaojiu | candidate_pool_watchdog | DONE
2026-07-24 05:19:01 | xiaojiu | 网络健康检查 | DONE
2026-07-24 05:22:23 | xiaojiu | cloud_dispatch_trigger | DONE
2026-07-24 05:29:58 | xiaojiu | cloud_dispatch_trigger | DONE
2026-07-24 06:29:50 | xiaojiu | 全时段健康监控 | DONE
2026-07-24 06:31:48 | xiaojiu | audit_automations | OK | E:0 W:0 F:0
2026-07-24 06:32:31 | xiaojiu | cloud_dispatch_trigger | DONE
2026-07-24 06:33:57 | xiaojiu | cloud_dispatch_trigger | DONE
2026-07-24 06:38:26 | xiaojiu | 本机中国源数据 | DEPLOYED
2026-07-24 06:38:26 | xiaojiu | 本机中国源数据 | DONE
2026-07-24 06:47:10 | xiaojiu | 紧急交接读取 | DONE
2026-07-24 06:52:51 | xiaojiu | candidate_pool_watchdog | DONE
2026-07-24 07:08:50 | xiaojiu | candidate_pool_watchdog | DONE
2026-07-24 07:09:09 | xiaojiu | 全时段健康监控 | DONE
2026-07-24 07:13:01 | xiaojiu | 网络健康检查 | DONE
2026-07-24 07:13:25 | xiaojiu | cloud_dispatch_trigger | DONE
2026-07-24 07:21:09 | xiaojiu | cloud_dispatch_trigger | DONE
2026-07-24 07:26:21 | xiaojiu | 全时段健康监控 | DONE
2026-07-24 07:27:49 | xiaojiu | audit_automations | OK | E:0 W:0 F:0
2026-07-24 07:28:29 | xiaojiu | cloud_dispatch_trigger | DONE
2026-07-24 07:29:27 | xiaojiu | cloud_dispatch_trigger | DONE
2026-07-24 08:38:12 | xiaojiu | 紧急交接读取 | DONE
2026-07-24 09:37:26 | xiaojiu | intraday_09_30 | DONE
2026-07-24 10:29:38 | xiaojiu | pre_market_deploy_self_heal | DONE
2026-07-24 10:42:21 | xiaojiu | intraday_10_31 | DONE
2026-07-24 14:12:30 | xiaojiu | intraday_13_31 | DONE
2026-07-24 14:34:31 | xiaojiu | 夜间周末值守 | DONE
2026-07-24 16:25:25 | xiaojiu | audit_automations | ERROR | E:3 W:6 F:0
2026-07-24 16:25:36 | xiaojiu | audit_automations | ALERT | severity=ERROR | errors=3(2个429静默失败+1个500内部错误) warns=6(心跳缺失4+neodata令牌过期+部署陈旧)
2026-07-24 16:25:36 | xiaojiu | audit_automations | DONE
2026-07-24 16:46:59 | xiaojiu | post_close_16_31 | DONE
2026-07-24 17:21:23 | xiaojiu | neodata_token_17_25 | DONE
2026-07-24 17:34:55 | xiaojiu | neodata_17_31 | DONE
2026-07-24 17:45:44 | xiaojiu | 本机中国源数据 | DEPLOYED
2026-07-24 17:45:45 | xiaojiu | 本机中国源数据 | DONE
2026-07-24 19:00:24 | xiaojiu | close_19_05_scan | START
2026-07-24 19:20:10 | xiaojiu | close_19_05_scan | DONE
2026-07-24 19:31:37 | xiaojiu | close_19_30_deploy | DONE
2026-07-24 20:30:53 | xiaojiu | 夜间周末值守 | DONE
2026-07-24 21:05:26 | xiaojiu | backup_21_10 | START
2026-07-25 08:50:51 | xiaojiu | audit_automations | ERROR | E:2 W:0 F:0
clean_lock_20260726_1923
