>>> fetch_lhb.py 11:03:53
    rc=0 out=析 v7（日期：20260717，阈值：8000万）
==================================================
  龙虎榜：68 只
  [WARN] lhb_seats.json 不存在
  逐笔席位：151 种类型命中，覆盖 68 只股票

完成！
  机游共振（双方都买）：0 只
  机构独买：3 只
  游资独买：10 只
  不达标：55 只 err=1.19it/s]
 83%|████████▎ | 5/6 [00:04<00:00,  1.22it/s]
100%|██████████| 6/6 [00:04<00:00,  1.21it/s]
>>> fetch_52w_high.py 11:06:07
    rc=0 out=[11:06:08] 52周新高抓取...
[11:06:10] ✓ akshare获取到 113 只创52周新高个股（已过滤退市/ST）
[11:06:19] ✅ 已保存: data/52w_high.json (共113只, 0个领涨板块) err=0%|          | 0/3 [00:00<?, ?it/s]
 67%|██████▋   | 2/3 [00:00<00:00, 10.62it/s]
>>> fetch_sh_index_fib.py 11:06:20
    rc=0 out=日14925 +2.8% (追踪中(数据不足))
  📅 F(34)(2026-07-29) [future]
  📅 F(55)(2026-08-28) [future]
  📐 下轮周期: F(34)(2026-07-29), F(55)(2026-08-28)
  ✓ 深证: D:\stock-scanner-repo\repo-temp\data\sz_index_fib.json
完成 err=0<?, ?it/s]
 50%|█████     | 1/2 [00:01<00:01,  1.69s/it]
100%|██████████| 2/2 [00:03<00:00,  1.81s/it]
>>> fetch_suspension_alert.py 11:06:29
    rc=0 out==
  异动停牌观测
==================================================
  [停牌] 当前 7 只
  [近触发] 涨停板扫描: 49 只涨停
  [近触发] 49 只
  ✅ 已保存: D:\stock-scanner-repo\repo-temp\data\suspension_alert.json
  停牌: 7 只 | 近触发: 8 只 err=
>>> fetch_fomc.py 11:06:33
    rc=0 out=========================================
[11:06:33] FOMC 数据采集
[11:06:46] 最新FOMC: 当前利率 4.5%（上次有效决议 2025-07-31），下次会议 2026-07-29
[11:06:46] ✅ 已保存: D:\stock-scanner-repo\repo-temp\data\fomc_summary.json err=
>>> fetch_margin.py 11:06:46
    rc=0 out=抓取上交所两融数据...
  已保存：data\margin_data.json（60 条，最新: 7/17） err=
>>> fetch_sh_sz_history.py 11:06:49
    rc=0 out=建成交金额历史...
  ✓ 构建 60 条记录
  ✓ 追加今日实时数据: 7/20 总计15631.4亿

✅ 已保存: D:\stock-scanner-repo\repo-temp\data\sh_sz_history.json
  更新时间: 2026-07-20 11:06
  ℹ️  up_down / daily_stats 由 fetch_up_down_stats.py 维护 err=
>>> fetch_concept_ranking.py 11:06:51
    rc=0 out=基板 ▼1.73%
  31. MiniLED ▼1.61%
  32. 富士康概念 ▼1.56%
  33. AI PC ▼1.54%
  34. 华为手机 ▼1.45%
  35. 第三代半导体 ▼1.45%
  36. 同花顺果指数 ▼1.43%
  37. 氟化工概念 ▼1.39%
  38. OLED ▼1.38%
  39. 苹果概念 ▼1.37%
  40. AI手机 ▼1.26% err=it/s]
 95%|█████████▍| 37/39 [00:06<00:00,  7.19it/s]
 97%|█████████▋| 38/39 [00:06<00:00,  7.30it/s]
>>> fetch_sector_fund_flow.py 11:07:33
    rc=0 out=功0/查询10
  📋 5日累计: 50/188 有数据, 138 显示'--'

✅ 板块资金流向已保存: data/sector_fund_flow.json
   数据类型: 真实数据
   大幅流入: 40 个
   大幅流出: 0 个
   预警: 🔥 40个板块大幅流入；🚀 国企改革+146.8亿(连4天)、证金持股+130.4亿(连5天)、同花顺中特估100+114.0亿(连7天) err=1.91s/it]
 75%|███████▌  | 3/4 [00:05<00:01,  1.95s/it]
100%|██████████| 4/4 [00:07<00:00,  1.82s/it]
>>> update_triple_resonance_daily.py 11:08:36
    rc=0 out=a/scan_data.json'
GOLD_POOL提取: 0只
WATCH_RESULT补充: 0只（新增/升级）
今天三线共振: 0只
  历史追踪股共: 0只
  追踪股最近收盘价总计: 237只

快照已保存: D:\stock-scanner-repo\repo-temp\data/triple_resonance_history.json
历史日期数: 38

=== 完成 === err=
>>> update_multi_resonance_daily.py 11:08:36
    rc=0 out===================================================
多维共振每日快照更新
==================================================
  ⚠️ 今日无score>=70的股票，跳过 err=
>>> calc_crds.py 11:08:36
    rc=0 out=%)...
  CRDS有效: 140 只

  条件①(10日≥2板): 3 只
  条件②(大跌日板):  0 只
  条件③(量能确认):  47 只
  精选级(三项全满足): 0 只
  进阶级(两项满足):  3 只
  关注级(一项满足):  44 只

[3/3] 已保存: D:\stock-scanner-repo\repo-temp\data\crds_result.json err=
>>> generate_recommend.py 11:11:24
    rc=0 out=[generate_recommend] ⚠️  已废弃，跳过 err=
>>> generate_top10.py 11:11:24
    rc=0 out=块0+机构0
     #19 龙源技术(300105) 评分54 基础50+增强0+资金0+板块0+机构4
     #20 中百集团(000759) 评分54 基础50+增强0+资金0+板块0+机构4
  总评分: 164 只

  输出: D:\stock-scanner-repo\repo-temp\data\top10_daily.json

  结果: ✓ 成功 (11:11:25) err=
>>> generate_one_look.py 11:11:25
    rc=2 out= err=\Python\pythoncore-3.14-64\python.exe: can't open file 'D:\\stock-scanner-repo\\repo-temp\\generate_one_look.py': [Errno 2] No such file or directory
>>> cockpit_backtest_now.py 11:11:25
    rc=0 out=-17) = +0.00%
logout success!

=== 结果 ===
有效信号: 2 (跳过 0)
胜: 0 / 负: 0
胜率: 0%
平均收益: 0.0%
最佳: 0.0% / 最差: 0.0%
≥80 分: 0% 胜率 / 0.0% 平均收益 (2只)
输出: D:\stock-scanner-repo\repo-temp\data\cockpit_backtest.json err=
=== 盘后补刷完成 ===
