
============================================================
  📊 收盘后快速更新 (15:20)  —  2026-07-24 17:32:59
============================================================

  [0/1] 🔄 双机代码同步（强制拉取最新代码）...✓  28.2s
  💔 ALIMI 心跳超时 (4290秒), 掉线于步骤 10/11
     ALIMI 接棒，从步骤 11 继续!
  🔁 接棒执行: 已完成 10/17 步
  [11/17] fetch_analyst_ratings.py            ✓  78.6s
  [12/17] fetch_policy_density.py             ✓  3.7s
  [13/17] update_data_v2.py                   ✓  154.2s
  [14/17] refresh_standalone_and_deploy.py --skip-data --skip-deploy ✓  1.9s
  [15/17] push_china_data.py                  ✗  10.3s  exit=1
  [16/17] sync_check.py                       ✓  16.8s
  🔒 部署前闸门检查 (verify_data_vs_website.py --fast --gate)...
  🚫 闸门 FAIL → 阻断部署（保留上一版正常数据），跳过: deploy_now.py --force
     原因: exit=2 | 0<00:00, 13.41it/s]
                                             

  0%|          | 0/2 [00:00<?, ?it/s]
100%|██████████| 2/2 [00:00<00:00, 17.12it/s]

  ── 重试 1 个失败步骤 ──
  [R] push_china_data.py                  ✓  11.3s

============================================================
  总计: 7  成功: 6  失败: 1
  ✓ 全部通过
============================================================

  📝 交接日志已写: ALIMI post_close ✓
  ✅ 清理心跳 (ALIMI, post_close)
