
============================================================
  📊 收盘后快速更新 (15:20)  —  2026-07-24 17:59:32
============================================================

  [0/1] 🔄 双机代码同步（强制拉取最新代码）...✓  13.3s
  ▶️ 正常启动 (ALIMI, post_close)
  [1/17] scanner.py                          ✓  1.5s
  [2/17] fetch_sector_fund_flow.py           ✓  63.3s
  [3/17] fetch_concept_ranking.py            ✓  23.6s
  [4/17] fetch_market_alerts.py              ✓  50.0s
  [5/17] fetch_sh_sz_history.py              ✓  1.2s
  [6/17] fetch_up_down_stats.py              ✓  75.9s
  [7/17] fetch_limit_up_heatmap.py           ✓  2.5s
  [8/17] fetch_herding_data.py               ✓  2.5s
  [9/17] fetch_main_stock.py                 ✓  22.3s
  [10/17] fetch_suspension_alert.py           ✓  3.3s
  [11/17] fetch_analyst_ratings.py            ✓  76.0s
  [12/17] fetch_policy_density.py             ✓  3.3s
  [13/17] update_data_v2.py                   ✓  155.7s
  [14/17] refresh_standalone_and_deploy.py --skip-data --skip-deploy ✓  1.6s
  [15/17] push_china_data.py                  ✓  9.3s
  [16/17] sync_check.py                       ✓  16.1s
  🔒 部署前闸门检查 (verify_data_vs_website.py --fast --gate)...
  🟢 闸门通过 (3.3s)，继续部署
  [17/17] deploy_now.py --force               ✓  206.3s

============================================================
  总计: 17  成功: 17  失败: 0
  ✓ 全部通过
============================================================

  📝 交接日志已写: ALIMI post_close ✓
  ✅ 清理心跳 (ALIMI, post_close)
