
============================================================
  📊 收盘后快速更新 (15:20)  —  2026-07-24 17:39:26
============================================================

  [0/1] 🔄 双机代码同步（强制拉取最新代码）...✓  15.0s
  ▶️ 正常启动 (ALIMI, post_close)
  [1/13] scanner.py                          ✓  1.7s
  [2/13] fetch_sector_fund_flow.py           ✓  68.5s
  [3/13] fetch_concept_ranking.py            ✓  34.8s
  [4/13] fetch_market_alerts.py              ✓  55.6s
  [5/13] fetch_sh_sz_history.py              ✓  1.8s
  [6/13] fetch_up_down_stats.py              ✓  77.3s
  [7/13] fetch_limit_up_heatmap.py           ✓  3.3s
  [8/13] fetch_analyst_ratings.py            ✓  84.2s
  [9/13] fetch_policy_density.py             ✓  4.3s
  [10/13] update_data_v2.py                   ✓  155.6s
  [11/13] refresh_standalone_and_deploy.py --skip-data --skip-deploy ✓  1.9s
  [12/13] sync_check.py                       ✗  13.1s  exit=1
  🔒 部署前闸门检查 (verify_data_vs_website.py --fast --gate)...
  🚫 闸门 FAIL → 阻断部署（保留上一版正常数据），跳过: deploy_now.py --force
     原因: exit=2 | 0<00:00, 11.52it/s]
                                             

  0%|          | 0/2 [00:00<?, ?it/s]
100%|██████████| 2/2 [00:00<00:00, 13.08it/s]

  ── 重试 1 个失败步骤 ──
  [R] sync_check.py                       ✗  12.6s  exit=1

  ⚠ 重试后仍然超时/失败: sync_check.py

============================================================
  总计: 13  成功: 11  失败: 2
  ✗ 以下步骤重试后仍未通过:
    - sync_check.py
============================================================

  📝 交接日志已写: ALIMI post_close ✗
  ✅ 清理心跳 (ALIMI, post_close)
