=== Start Deploy (GitHub Pages) ===
   [CMD] git -c http.version=HTTP/1.1 show origin/main:.deploy_lock... -> fatal: path '.deploy_lock' does not exist in 'origin/main'
   [LOCK] acquired by LEMONCAT
   WARN --force: skipping pre-deploy audit
=======================================================
0b. Scanning origin/main for conflict markers in data/ ...
=======================================================
   ✅ origin/main data 扫描通过 (91 个文件, 0 冲突标记)
   📝 检测到 19 个源码变更
      batch_heartbeat.json
      .fetch_log/watch_candidate_pool.log
      .scanner.lock
      ALERT_\346\225\260\346\215\256\347\233\221\346\216\247_\351\227\270\351\227\250\345\244\261\350\264\245_20260723.md
      HANDOVER_LOG.jsonl
      ... 共 19 个
   ✓ 已提交: auto: source sync 07-23 10:38 — batch_heartbeat.json, watch_candidate_pool.log, .scanner.lock
   ✓ 已推送到 main（小九能拉到了）
   🔄 强制重建 dist（本地模板为权威版本）...
   📥 拉取最新模板代码 from origin/main ...
   ✓ 已更新 index_master.html (from origin/main)
   ✓ 已更新 update_data_v2.py (from origin/main)
   执行: python update_data_v2.py --fast
     ✓ 已保存: index.html + index_master.html (3,609,325 字符)
     ✓ 已同步 data/*.json → dist/data/
     ✓ 已同步静态资源 → dist/
   ✅ 数据块更新成功！
      部署: python deploy_now.py
      网址: https://ah-quant999.github.io/quant-scanner-v6/
   ✓ dist 重建成功
   执行: python enhance_dist.py
   ✓ enhance_dist 完成
   🔍 验证 dist/index.html 数据注入...
   ✓ 验证通过: LHB_DATA, HERRING_DATA, NORTH_FUND_DATA, MAIN_STOCK_DATA
   🔗 重建并校验独立页（确保与主站同步部署）...
   =======================================================
   🔗 主站 ↔ 独立页 同步校验闸门
   =======================================================
   ✓ extract_panels_v6.py 重建 standalone/ 成功
   ✓ 已同步 13 个独立页到 dist/standalone/
   ✅ 主站/独立页同源同戳校验通过 (标记 54 个, POST_CLOSE_TIME=2026-07-22 15:30:00, 体积 3609325B/3611618B)
   ✅ 主站与独立页已确认同步，可安全上线
   ✓ 独立页已与主站同步校验通过
1. Cloning gh-pages from GitHub to temp dir...
   Cloned, cleaning old files...
1.5. Busting CDN cache...
   Build stamp: 20260723103839
2. Copying dist/ ...
   Copied 100 files
3. Committing and pushing...
   ✓ ls-remote 校验通过 (head=6f9ed33886a4)
4. Waiting for GitHub Pages build...

SUCCESS! Deployed to https://ah-quant999.github.io/quant-scanner-v6/
   (GitHub Pages build takes 1-2 min)
   💓 上报本机心跳到 origin/main ...
