
============================================================
  📊 收盘后全量 (19:30) — 并行优化  —  2026-07-07 07:14:10
============================================================

  ▶️ 正常启动 (HOME, close)
  [1/11] 🔀 并行组 (2个任务, 最多6并发)
  [2/11] 🔀 并行组 (24个任务, 最多6并发)
  [3/11] scanner.py full                     ✗  1800.1s  TIMEOUT
  [4/11] 🔀 并行组 (10个任务, 最多6并发)
  [5/11] update_data_v2.py                   ✓  115.2s
  [6/11] enhance_dist.py                     ✓  0.1s
  [7/11] refresh_standalone_and_deploy.py --skip-data --skip-deploy ✓  0.4s
  [8/11] check_syntax.py                     ✓  0.5s
  [9/11] sync_check.py                       ✗  9.0s  exit=1
  [10/11] deploy_now.py                       ✗  31.7s  exit=1
  [11/11] push_notify.py                      ✓  0.1s

  ── 重试 5 个失败步骤 ──
  [R] 🔀 并行组重试 (24个任务)
  [R] scanner.py full                     ✗  34.5s  exit=2147483651 | .dll+0x6785)
#9 0x7ffa9383cf23 (C:\Users\HH20210606\.workbuddy\binaries\python\versions\3.13.12\Lib\site-packages\py_mini_racer\mini_racer.dll+0xcf23)
  [R] 🔀 并行组重试 (10个任务)
  [R] sync_check.py                       ✓  8.4s
  [R] deploy_now.py                       ✗  29.2s  exit=1

  ⚠ 重试后仍然超时/失败: PARALLEL_GROUP_24, scanner.py full, PARALLEL_GROUP_10, deploy_now.py

============================================================
  总计: 47  成功: 39  失败: 8
  ✗ 以下步骤重试后仍未通过:
    - PARALLEL_GROUP_24
    - scanner.py full
    - PARALLEL_GROUP_10
    - deploy_now.py
============================================================

  📝 交接日志已写: HOME close ✗
