[20:52:23] waiting for running 'close' to finish...
[20:56:23] heartbeat gone -> old close finished

===== close_p1 @ 20:56:23 =====

============================================================
  📊 收盘数据抓取第一批 (17:30) — 研报+全量数据(龙虎榜除外，龙虎榜17点后出)  —  2026-07-07 20:56:23
============================================================

  [0/1] 🔄 双机代码同步（强制拉取最新代码）...✓  6.6s
  ▶️ 正常启动 (CAT, close_p1)
  [1/2] 🔀 并行组 (2个任务, 最多6并发)
  [2/2] 🔀 并行组 (23个任务, 最多6并发)

  ── 重试 2 个失败步骤 ──
  [R] 🔀 并行组重试 (2个任务)
  [R] 🔀 并行组重试 (23个任务)

  ⚠ 重试后仍然超时/失败: PARALLEL_GROUP_2, PARALLEL_GROUP_23

============================================================
  总计: 27  成功: 22  失败: 5
  ✗ 以下步骤重试后仍未通过:
    - PARALLEL_GROUP_2
    - PARALLEL_GROUP_23
============================================================

  📝 交接日志已写: CAT close_p1 ✗
[close_p1] exit=1 elapsed=231s

===== close_p2 @ 21:00:14 =====

============================================================
  📊 收盘扫描+生成 (18:30) — 龙虎榜(已出)+scanner全量+各类生成  —  2026-07-07 21:00:14
============================================================

  [0/1] 🔄 双机代码同步（强制拉取最新代码）...✓  6.7s
  🔄 模式不同 (backup vs close_p2)，正常启动
  ▶️ 正常启动 (CAT, close_p2)
  [1/3] fetch_lhb.py                        ✓  39.8s
  [2/3] scanner.py full                     ✓  1.9s
  [3/3] 🔀 并行组 (10个任务, 最多6并发)

  ── 重试 1 个失败步骤 ──
  [R] 🔀 并行组重试 (10个任务)

  ⚠ 重试后仍然超时/失败: PARALLEL_GROUP_10

============================================================
  总计: 13  成功: 11  失败: 2
  ✗ 以下步骤重试后仍未通过:
    - PARALLEL_GROUP_10
============================================================

  📝 交接日志已写: CAT close_p2 ✗
  ✅ 清理心跳 (CAT, close_p2)
[close_p2] exit=1 elapsed=650s

===== close_deploy @ 21:11:03 =====

============================================================
  📊 收盘最终部署 (19:30) — 注入+部署（数据已由 close_p1/close_p2 就绪）  —  2026-07-07 21:11:04
============================================================

  [0/1] 🔄 双机代码同步（强制拉取最新代码）...✓  6.1s
  ▶️ 正常启动 (CAT, close_deploy)
  [1/7] update_data_v2.py                   ✓  99.4s
  [2/7] enhance_dist.py                     ✓  0.1s
  [3/7] refresh_standalone_and_deploy.py --skip-data --skip-deploy ✓  0.6s
  [4/7] check_syntax.py                     ✓  0.8s
  [5/7] sync_check.py                       ✓  24.9s
  [6/7] deploy_now.py                       ✗  70.1s  exit=1
  [7/7] push_notify.py                      ✓  0.2s

  ── 重试 1 个失败步骤 ──
  [R] deploy_now.py                       ✓  41.6s

============================================================
  总计: 7  成功: 7  失败: 0
  ✓ 全部通过
============================================================

  📝 交接日志已写: CAT close_deploy ✓
  ✅ 清理心跳 (CAT, close_deploy)
[close_deploy] exit=0 elapsed=245s

[21:15:08] ALL SPLIT MODES DONE
