📊 正在抓取板块资金流向...
  📊 方法1: 行业板块资金流...
  0%|          | 0/2 [00:00<?, ?it/s] 50%|█████     | 1/2 [00:00<00:00,  9.33it/s]100%|██████████| 2/2 [00:00<00:00,  8.30it/s]                                                 ✅ 获取到 90 个行业板块
  📊 方法2: 概念板块资金流...
  0%|          | 0/8 [00:00<?, ?it/s] 12%|█▎        | 1/8 [00:00<00:00,  9.86it/s] 25%|██▌       | 2/8 [00:00<00:00,  9.16it/s] 38%|███▊      | 3/8 [00:00<00:00,  8.60it/s] 50%|█████     | 4/8 [00:00<00:00,  8.55it/s] 62%|██████▎   | 5/8 [00:00<00:00,  7.93it/s] 75%|███████▌  | 6/8 [00:00<00:00,  8.02it/s] 88%|████████▊ | 7/8 [00:00<00:00,  8.06it/s]100%|██████████| 8/8 [00:00<00:00,  8.00it/s]                                                 ✅ 获取到 476 个板块（含概念）
  🔍 [补充] 调用 neodata 获取5日/20日累计...
    ✓ 当日流入TOP10(含5d/20d): 6只板块
    ✓ 当日流出TOP10(含5d/20d): 6只板块
  ✅ neodata 补充: 匹配到 8/476 个板块的5d/20d数据
  📊 [P0本地累加] 124 个板块有真实5日累计(来自409个板块history)
  🔍 [P1东财历史] 尝试akshare接口获取5日/20日累计...
    ✗ [1] 芯片概念: ConnectionError(服务器不可用，跳过剩余9个)
    ⊘ [2] 跳过(服务器不可用)
    ⊘ [3] 跳过(服务器不可用)
    ⊘ [4] 跳过(服务器不可用)
    ⊘ [5] 跳过(服务器不可用)
    ⊘ [6] 跳过(服务器不可用)
    ⊘ [7] 跳过(服务器不可用)
    ⊘ [8] 跳过(服务器不可用)
    ⊘ [9] 跳过(服务器不可用)
    ⊘ [10] 跳过(服务器不可用)
    ══ akshare真实历史: 成功0/查询10 [服务器不可用]
  📋 5日累计: 127/476 有数据, 349 显示'--'
  ⚠️ westock 缓存已陈旧(60.5h)，弃用

✅ 板块资金流向已保存: data/sector_fund_flow.json
   数据类型: 真实数据
   大幅流入: 40 个
   大幅流出: 0 个
   预警: 🔥 40个板块大幅流入；🚀 锂电池概念+106.0亿(连7天)、国企改革+92.2亿(连7天)、固态电池+89.0亿(连6天)
