[06:33:07] 全市场异动速览 v1
==================================================
[06:33:14] ✗ akshare指数获取失败(第1次): ('Connection aborted.', RemoteDisconnected('Remote end closed connection without response'))
[06:33:22] ✗ akshare指数获取失败(第2次): ('Connection aborted.', RemoteDisconnected('Remote end closed connection without response'))
[06:33:22]   补齐缺失指数: ['上证指数', '深证成指', '创业板指', '科创50', '恒生指数', '恒生科技指数', '韩国KOSPI', '日经225']
[06:33:22]     ✓ 上证指数 +0.25% (Sina)
[06:33:22]     ✓ 深证成指 +0.44% (Sina)
[06:33:22]     ✓ 创业板指 +0.25% (Sina)
[06:33:22]     ✓ 科创50 -3.78% (Sina)
[06:33:22]     ✓ 恒生指数 +1.28% (Sina)
[06:33:23]     ✓ 恒生科技指数 +0.65% (Sina-hkHSTECH)
[06:33:24]     ✓ 韩国KOSPI +4.40% (akshare)
[06:33:24]     ✓ 日经225 -0.90% (Sina)
[06:33:31] ✗ 板块获取失败(第1次): ('Connection aborted.', RemoteDisconnected('Remote end closed connection without response'))
[06:33:39] ✗ 板块获取失败(第2次): ('Connection aborted.', RemoteDisconnected('Remote end closed connection without response'))
[06:33:47] ✗ 个股获取失败(第1次): ('Connection aborted.', RemoteDisconnected('Remote end closed connection without response'))
[06:33:56] ✗ 个股获取失败(第2次): ('Connection aborted.', RemoteDisconnected('Remote end closed connection without response'))
[06:33:56] 📊 美股指数（隔夜收盘）...
[06:33:56]     ✓ 道琼斯 51,711.65 (-0.97%)
[06:33:56]     ✓ 纳斯达克 25,137.69 (-2.15%)
[06:33:56]     ✓ 标普500 7,408.30 (-1.21%)
[06:33:56] ✓ 完成！总结: 上证指数涨0.25%。
[06:33:56] ✓ 完成！
  总结：上证指数涨0.25%。
  指数：上证指数 +0.25%, 深证成指 +0.44%, 创业板指 +0.25%, 科创50 -3.78%, 恒生指数 +1.28%, 恒生科技指数 +0.65%, 韩国KOSPI +4.40%, 日经225 -0.90%
  美股：道琼斯 51,711.65 (-0.97%), 纳斯达克 25,137.69 (-2.15%), 标普500 7,408.30 (-1.21%)
