📊 正在抓取板块资金流向...
  📊 方法1: 行业板块资金流...
  0%|          | 0/2 [00:00<?, ?it/s]100%|██████████| 2/2 [00:00<00:00, 10.27it/s]                                                 ✅ 获取到 90 个行业板块
  📊 方法2: 概念板块资金流...
  0%|          | 0/8 [00:00<?, ?it/s] 12%|█▎        | 1/8 [00:00<00:01,  6.28it/s] 25%|██▌       | 2/8 [00:00<00:00,  7.29it/s] 50%|█████     | 4/8 [00:00<00:00,  8.31it/s] 62%|██████▎   | 5/8 [00:00<00:00,  8.30it/s] 75%|███████▌  | 6/8 [00:00<00:00,  8.38it/s] 88%|████████▊ | 7/8 [00:00<00:00,  8.66it/s]100%|██████████| 8/8 [00:00<00:00,  8.23it/s]                                                 ✅ 获取到 476 个板块（含概念）
  🔍 [补充] 调用 neodata 获取5日/20日累计...
    ✓ 当日流入TOP10(含5d/20d): 6只板块
    ✓ 当日流出TOP10(含5d/20d): 6只板块
  ✅ neodata 补充: 匹配到 5/476 个板块的5d/20d数据
  📊 [P0本地累加] 140 个板块有真实5日累计(来自410个板块history)
  🔍 [P1东财历史] 尝试akshare接口获取5日/20日累计...
    ✗ [1] 融资融券: ConnectionError(服务器不可用，跳过剩余9个)
    ⊘ [2] 跳过(服务器不可用)
    ⊘ [3] 跳过(服务器不可用)
    ⊘ [4] 跳过(服务器不可用)
    ⊘ [5] 跳过(服务器不可用)
    ⊘ [6] 跳过(服务器不可用)
    ⊘ [7] 跳过(服务器不可用)
    ⊘ [8] 跳过(服务器不可用)
    ⊘ [9] 跳过(服务器不可用)
    ⊘ [10] 跳过(服务器不可用)
    ══ akshare真实历史: 成功0/查询10 [服务器不可用]
  📋 5日累计: 140/476 有数据, 336 显示'--'
  ⚠️ westock 缓存已陈旧(78.4h)，弃用

✅ 板块资金流向已保存: data/sector_fund_flow.json
   数据类型: 真实数据
   大幅流入: 18 个
   大幅流出: 16 个
   预警: 🔥 18个板块大幅流入；⚠️ 16个板块大幅流出；🚀 半导体+102.3亿(连11天)、国家大基金持股+83.2亿(连7天)、存储芯片+65.3亿(连9天)
