==================================================
  主力资金监控数据获取 (westock-data)
==================================================

  [1/4] 查询 10 只...
  CLI ERR: node:internal/modules/cjs/loader:1386
  throw err;
  ^

Error: Cannot find module 'C:\Users\Administrator\.workbuddy\plugins\marketplaces\cb_teams_marketplace\plugins\finance-data\skills\westock-data\

  [2/4] 查询 10 只...
  CLI ERR: node:internal/modules/cjs/loader:1386
  throw err;
  ^

Error: Cannot find module 'C:\Users\Administrator\.workbuddy\plugins\marketplaces\cb_teams_marketplace\plugins\finance-data\skills\westock-data\

  [3/4] 查询 10 只...
  CLI ERR: node:internal/modules/cjs/loader:1386
  throw err;
  ^

Error: Cannot find module 'C:\Users\Administrator\.workbuddy\plugins\marketplaces\cb_teams_marketplace\plugins\finance-data\skills\westock-data\

  [4/4] 查询 3 只...
  CLI ERR: node:internal/modules/cjs/loader:1386
  throw err;
  ^

Error: Cannot find module 'C:\Users\Administrator\.workbuddy\plugins\marketplaces\cb_teams_marketplace\plugins\finance-data\skills\westock-data\

  共获取 0 只股票资金数据

  ⚠️ 今日无有效主力数据，写入空数据（数据更新中）

✅ 已保存: E:\workspace\stock-scanner\repo-temp\data\main_stock.json
   更新时间: 2026-07-13 09:46
