2026-07-20 13:16:02 ✗ 重建候选池 失败:  83%|########3 | 20/24 [00:00<00:00, 25.05it/s] |  96%|#########5| 23/24 [00:00<00:00, 24.78it/s] | 100%|##########| 24/24 [00:00<00:00, 24.07it/s]
2026-07-20 13:16:07 ↻ 重建尝试 2/2
2026-07-20 13:21:07 ✗ 重建候选池 失败:  42%|████▏     | 42/99 [00:30<00:42,  1.34it/s] |  43%|████▎     | 43/99 [00:31<00:41,  1.36it/s] |  44%|████▍     | 44/99 [00:31<00:40,  1.34it/s]
2026-07-20 13:21:07 ❌ 看门狗重建失败，候选池仍陈旧，已阻止陈旧数据部署
2026-07-20 15:31:56 🛌 非交易时段，看门狗跳过
2026-07-20 17:11:04 🛌 非交易时段，看门狗跳过
2026-07-20 17:11:24 🛌 非交易时段，看门狗跳过
2026-07-20 17:11:28 ▶ 执行: 重建候选池 (build_candidate_pool.py)
2026-07-20 17:25:05 🛌 非交易时段，看门狗跳过
2026-07-20 18:09:46 🛌 非交易时段，看门狗跳过
2026-07-20 18:20:55 🛌 非交易时段，看门狗跳过
2026-07-20 19:05:22 🛌 非交易时段，看门狗跳过
2026-07-20 19:16:48 🛌 非交易时段，看门狗跳过
2026-07-21 09:58:59 ❌ 看门狗重建失败，候选池仍陈旧，已阻止陈旧数据部署
2026-07-21 10:00:34 ✗ 重建候选池 失败: Please wait for a moment:  97%|█████████▋| 68/70 [00:21<00:00,  3.63it/s] | Please wait for a moment:  99%|█████████▊| 69/70 [00:22<00:00,  3.69it/s] | Please wait for a moment: 100%|██████████| 70/70 [00:22<00:00,  4.40it/s]
2026-07-21 10:00:39 ↻ 重建尝试 2/2
2026-07-21 10:00:39 ▶ 执行: 重建候选池 (build_candidate_pool.py)
2026-07-21 11:41:30 ℹ️ candidate_pool 年龄 88 分钟 (update_time=2026-07-21 10:13:57)
2026-07-21 11:41:30 🚨 候选池陈旧（88 分钟 > 60 分钟），启动重建
2026-07-21 11:41:30 ↻ 重建尝试 1/2
2026-07-21 11:41:30 ▶ 执行: 重建候选池 (build_candidate_pool.py)
2026-07-21 11:46:30 ✗ 重建候选池 失败: Please wait for a moment:  97%|█████████▋| 68/70 [00:21<00:00,  3.48it/s] | Please wait for a moment:  99%|█████████▊| 69/70 [00:22<00:00,  2.55it/s] | Please wait for a moment: 100%|██████████| 70/70 [00:22<00:00,  3.24it/s]
2026-07-21 11:46:35 ↻ 重建尝试 2/2
2026-07-21 11:46:35 ▶ 执行: 重建候选池 (build_candidate_pool.py)
2026-07-21 11:55:51 ℹ️ candidate_pool 年龄 102 分钟 (update_time=2026-07-21 10:13:57)
2026-07-21 11:55:51 🚨 候选池陈旧（102 分钟 > 60 分钟），启动重建
2026-07-21 11:55:51 ↻ 重建尝试 1/2
2026-07-21 11:55:51 ▶ 执行: 重建候选池 (build_candidate_pool.py)
2026-07-21 12:00:52 ✗ 重建候选池 失败: Please wait for a moment:  97%|█████████▋| 68/70 [00:24<00:00,  3.13it/s] | Please wait for a moment:  99%|█████████▊| 69/70 [00:25<00:00,  2.39it/s] | Please wait for a moment: 100%|██████████| 70/70 [00:25<00:00,  2.26it/s]
2026-07-21 12:00:57 ↻ 重建尝试 2/2
2026-07-21 12:00:57 ▶ 执行: 重建候选池 (build_candidate_pool.py)
2026-07-21 12:03:46 ℹ️ candidate_pool 年龄 110 分钟 (update_time=2026-07-21 10:13:57)
2026-07-21 12:03:46 🚨 候选池陈旧（110 分钟 > 60 分钟），启动重建
2026-07-21 12:03:46 ↻ 重建尝试 1/2
2026-07-21 12:03:46 ▶ 执行: 重建候选池 (build_candidate_pool.py)
2026-07-21 12:05:57 ✗ 重建候选池 失败: Please wait for a moment:  97%|█████████▋| 68/70 [00:41<00:00,  2.19it/s] | Please wait for a moment:  99%|█████████▊| 69/70 [00:42<00:00,  2.47it/s] | Please wait for a moment: 100%|██████████| 70/70 [00:42<00:00,  2.89it/s]
2026-07-21 12:05:57 ❌ 看门狗重建失败，候选池仍陈旧，已阻止陈旧数据部署
2026-07-21 12:08:46 ✗ 重建候选池 失败:  83%|########3 | 20/24 [00:00<00:00, 23.96it/s] |  96%|#########5| 23/24 [00:00<00:00, 24.74it/s] | 100%|##########| 24/24 [00:00<00:00, 24.22it/s]
2026-07-21 12:08:51 ↻ 重建尝试 2/2
2026-07-21 12:08:51 ▶ 执行: 重建候选池 (build_candidate_pool.py)
2026-07-21 12:13:51 ✗ 重建候选池 失败:  88%|########7 | 21/24 [00:00<00:00, 27.45it/s] | 100%|##########| 24/24 [00:00<00:00, 27.94it/s] | 100%|##########| 24/24 [00:00<00:00, 27.53it/s]
2026-07-21 12:13:51 ❌ 看门狗重建失败，候选池仍陈旧，已阻止陈旧数据部署
2026-07-21 12:15:17 ℹ️ candidate_pool 年龄 121 分钟 (update_time=2026-07-21 10:13:57)
2026-07-21 12:15:17 🚨 候选池陈旧（121 分钟 > 60 分钟），启动重建
2026-07-21 12:15:17 ↻ 重建尝试 1/2
2026-07-21 12:15:17 ▶ 执行: 重建候选池 (build_candidate_pool.py)
2026-07-21 12:15:58 ✓ 重建候选池 完成
2026-07-21 12:16:04 ✓ candidate_pool 已推送到 main
2026-07-21 12:16:04 ▶ 执行: 前端构建 (update_data_v2.py)
2026-07-21 12:18:54 ✓ 前端构建 完成
2026-07-21 12:18:54 ▶ 执行: 强制部署 (deploy_now.py --force)
2026-07-21 12:21:25 ✓ 强制部署 完成
2026-07-21 12:21:25 ✅ 看门狗重建并部署成功
2026-07-21 12:57:26 ℹ️ candidate_pool 年龄 41 分钟 (update_time=2026-07-21 12:15:57)
2026-07-21 12:57:26 ✓ 候选池新鲜（≤60 分钟），无需重建
2026-07-21 14:39:51 ℹ️ candidate_pool 年龄 144 分钟 (update_time=2026-07-21 12:15:57)
2026-07-21 14:39:51 🚨 候选池陈旧（144 分钟 > 60 分钟），启动重建
2026-07-21 14:39:51 ↻ 重建尝试 1/2
2026-07-21 14:39:51 ▶ 执行: 重建候选池 (build_candidate_pool.py)
2026-07-21 14:42:36 ✓ 重建候选池 完成
2026-07-21 14:42:48 ⚠️ candidate_pool 推送 main 失败，跳过部署以避免陈旧数据上线
2026-07-21 14:42:53 ↻ 重建尝试 2/2
2026-07-21 14:42:53 ▶ 执行: 重建候选池 (build_candidate_pool.py)
2026-07-21 14:45:43 ✓ 重建候选池 完成
2026-07-21 14:45:53 ⚠️ candidate_pool 推送 main 失败，跳过部署以避免陈旧数据上线
2026-07-21 14:45:53 ❌ 看门狗重建失败，候选池仍陈旧，已阻止陈旧数据部署
2026-07-21 14:46:46 ℹ️ candidate_pool 年龄 1 分钟 (update_time=2026-07-21 14:45:42)
2026-07-21 14:46:46 ✓ 候选池新鲜（≤60 分钟），无需重建
2026-07-21 15:14:26 🛌 非交易时段，看门狗跳过
2026-07-21 17:01:23 🛌 非交易时段，看门狗跳过
2026-07-21 17:05:15 🛌 非交易时段，看门狗跳过
2026-07-21 17:57:46 🛌 非交易时段，看门狗跳过
2026-07-21 18:01:05 🛌 非交易时段，看门狗跳过
2026-07-21 18:53:48 🛌 非交易时段，看门狗跳过
2026-07-21 18:56:46 🛌 非交易时段，看门狗跳过
2026-07-21 19:50:02 🛌 非交易时段，看门狗跳过
2026-07-21 19:53:02 🛌 非交易时段，看门狗跳过
2026-07-21 20:46:02 🛌 非交易时段，看门狗跳过
2026-07-21 20:48:51 🛌 非交易时段，看门狗跳过
2026-07-21 21:41:51 🛌 非交易时段，看门狗跳过
2026-07-21 21:45:03 🛌 非交易时段，看门狗跳过
2026-07-21 22:37:34 🛌 非交易时段，看门狗跳过
2026-07-21 22:40:49 🛌 非交易时段，看门狗跳过
2026-07-21 23:33:20 🛌 非交易时段，看门狗跳过
2026-07-21 23:36:20 🛌 非交易时段，看门狗跳过
2026-07-22 00:29:21 🛌 非交易时段，看门狗跳过
2026-07-22 00:31:51 🛌 非交易时段，看门狗跳过
2026-07-22 01:24:54 🛌 非交易时段，看门狗跳过
2026-07-22 01:27:51 🛌 非交易时段，看门狗跳过
2026-07-22 02:20:52 🛌 非交易时段，看门狗跳过
2026-07-22 02:23:22 🛌 非交易时段，看门狗跳过
2026-07-22 03:16:23 🛌 非交易时段，看门狗跳过
2026-07-22 03:18:53 🛌 非交易时段，看门狗跳过
2026-07-22 04:12:24 🛌 非交易时段，看门狗跳过
2026-07-22 04:14:24 🛌 非交易时段，看门狗跳过
2026-07-22 05:08:25 🛌 非交易时段，看门狗跳过
2026-07-22 05:10:02 🛌 非交易时段，看门狗跳过
2026-07-22 06:03:57 🛌 非交易时段，看门狗跳过
2026-07-22 06:05:56 🛌 非交易时段，看门狗跳过
2026-07-22 06:59:29 🛌 非交易时段，看门狗跳过
2026-07-22 07:03:29 🛌 非交易时段，看门狗跳过
2026-07-22 07:56:13 🛌 非交易时段，看门狗跳过
2026-07-22 07:56:21 🛌 非交易时段，看门狗跳过
2026-07-22 09:37:19 ℹ️ candidate_pool 年龄 2 分钟 (update_time=2026-07-22 09:35:25)
2026-07-22 09:37:19 ✓ 候选池新鲜（≤60 分钟），无需重建
2026-07-22 09:37:53 ℹ️ candidate_pool 年龄 2 分钟 (update_time=2026-07-22 09:35:25)
2026-07-22 09:37:53 ✓ 候选池新鲜（≤60 分钟），无需重建
2026-07-22 10:28:30 ℹ️ candidate_pool 年龄 53 分钟 (update_time=2026-07-22 09:35:25)
2026-07-22 10:28:30 ✓ 候选池新鲜（≤60 分钟），无需重建
2026-07-22 10:29:20 ℹ️ candidate_pool 年龄 54 分钟 (update_time=2026-07-22 09:35:25)
2026-07-22 10:29:20 ✓ 候选池新鲜（≤60 分钟），无需重建
2026-07-22 11:24:22 ℹ️ candidate_pool 年龄 109 分钟 (update_time=2026-07-22 09:35:25)
2026-07-22 11:24:22 🚨 候选池陈旧（109 分钟 > 60 分钟），启动重建
2026-07-22 11:24:22 ↻ 重建尝试 1/2
2026-07-22 11:24:22 ▶ 执行: 重建候选池 (build_candidate_pool.py)
2026-07-22 11:25:46 ℹ️ candidate_pool 年龄 110 分钟 (update_time=2026-07-22 09:35:25)
2026-07-22 11:25:46 🚨 候选池陈旧（110 分钟 > 60 分钟），启动重建
2026-07-22 11:25:46 ↻ 重建尝试 1/2
2026-07-22 11:25:46 ▶ 执行: 重建候选池 (build_candidate_pool.py)
2026-07-22 11:26:08 ✓ 重建候选池 完成
2026-07-22 11:26:14 ✓ candidate_pool 已推送到 main
2026-07-22 11:26:14 ▶ 执行: 前端构建 (update_data_v2.py)
2026-07-22 11:27:21 ✓ 重建候选池 完成
2026-07-22 11:27:26 ✓ candidate_pool 已推送到 main
2026-07-22 11:27:26 ▶ 执行: 前端构建 (update_data_v2.py)
2026-07-22 11:28:06 ✓ 前端构建 完成
2026-07-22 11:28:06 ▶ 执行: 强制部署 (deploy_now.py --force)
2026-07-22 11:29:56 ✓ 强制部署 完成
2026-07-22 11:29:56 ✅ 看门狗重建并部署成功
2026-07-22 11:31:12 ✓ 强制部署 完成
2026-07-22 11:31:12 ✅ 看门狗重建并部署成功
2026-07-22 12:21:29 ℹ️ candidate_pool 年龄 54 分钟 (update_time=2026-07-22 11:27:21)
2026-07-22 12:21:29 ✓ 候选池新鲜（≤60 分钟），无需重建
2026-07-22 12:39:06 ℹ️ candidate_pool 年龄 72 分钟 (update_time=2026-07-22 11:27:21)
2026-07-22 12:39:06 🚨 候选池陈旧（72 分钟 > 60 分钟），启动重建
2026-07-22 12:39:06 ↻ 重建尝试 1/2
2026-07-22 12:39:06 ▶ 执行: 重建候选池 (build_candidate_pool.py)
2026-07-22 12:40:18 ✓ 重建候选池 完成
2026-07-22 12:40:24 ✓ 候选池已推送到 main (1 个文件)
2026-07-22 12:40:24 ▶ 执行: 前端构建 (update_data_v2.py)
2026-07-22 12:42:16 ✓ 前端构建 完成
2026-07-22 12:42:23 ✓ 候选池已推送到 main (3 个文件)
2026-07-22 12:42:23 ▶ 执行: 强制部署 (deploy_now.py --force)
2026-07-22 13:43:29 ℹ️ candidate_pool 年龄 63 分钟 (update_time=2026-07-22 12:40:18)
2026-07-22 13:43:29 🚨 候选池陈旧（63 分钟 > 60 分钟），启动重建
2026-07-22 13:43:29 ↻ 重建尝试 1/2
2026-07-22 13:43:29 ▶ 执行: 重建候选池 (build_candidate_pool.py)
2026-07-22 13:44:47 ✓ 重建候选池 完成
2026-07-22 13:44:53 ✓ 候选池已推送到 main (1 个文件)
2026-07-22 13:44:53 ▶ 执行: 前端构建 (update_data_v2.py)
2026-07-22 13:46:45 ✓ 前端构建 完成
2026-07-22 13:46:51 ✓ 候选池已推送到 main (3 个文件)
2026-07-22 13:46:51 ▶ 执行: 强制部署 (deploy_now.py --force)
2026-07-22 13:48:52 ✓ 强制部署 完成
2026-07-22 13:48:52 ✅ 看门狗重建并部署成功
2026-07-22 14:13:04 ℹ️ candidate_pool 年龄 28 分钟 (update_time=2026-07-22 13:44:47)
2026-07-22 14:13:04 ✓ 候选池新鲜（≤60 分钟），无需重建
2026-07-22 14:45:33 ℹ️ candidate_pool 年龄 61 分钟 (update_time=2026-07-22 13:44:47)
2026-07-22 14:45:33 🚨 候选池陈旧（61 分钟 > 60 分钟），启动重建
2026-07-22 14:45:33 ↻ 重建尝试 1/2
2026-07-22 14:45:33 ▶ 执行: 重建候选池 (build_candidate_pool.py)
2026-07-22 14:47:16 ✓ 重建候选池 完成
2026-07-22 14:47:22 ✓ 候选池已推送到 main (1 个文件)
2026-07-22 14:47:22 ▶ 执行: 前端构建 (update_data_v2.py)
2026-07-22 14:49:34 ✓ 前端构建 完成
2026-07-22 14:49:42 ✓ 候选池已推送到 main (3 个文件)
2026-07-22 14:49:42 ▶ 执行: 强制部署 (deploy_now.py --force)
2026-07-22 14:52:02 ✓ 强制部署 完成
2026-07-22 14:52:02 ✅ 看门狗重建并部署成功
2026-07-22 15:09:01 🛌 非交易时段，看门狗跳过
2026-07-22 15:48:30 🛌 非交易时段，看门狗跳过
2026-07-22 16:44:33 🛌 非交易时段，看门狗跳过
2026-07-22 17:00:36 🛌 非交易时段，看门狗跳过
2026-07-22 17:57:00 🛌 非交易时段，看门狗跳过
2026-07-22 18:36:01 🛌 非交易时段，看门狗跳过
2026-07-22 18:53:03 🛌 非交易时段，看门狗跳过
2026-07-22 19:31:32 🛌 非交易时段，看门狗跳过
2026-07-22 19:48:31 🛌 非交易时段，看门狗跳过
2026-07-22 20:27:32 🛌 非交易时段，看门狗跳过
2026-07-22 20:44:02 🛌 非交易时段，看门狗跳过
2026-07-22 21:23:37 🛌 非交易时段，看门狗跳过
2026-07-22 21:40:03 🛌 非交易时段，看门狗跳过
2026-07-22 22:19:04 🛌 非交易时段，看门狗跳过
2026-07-22 22:35:37 🛌 非交易时段，看门狗跳过
2026-07-22 23:14:35 🛌 非交易时段，看门狗跳过
2026-07-22 23:31:05 🛌 非交易时段，看门狗跳过
2026-07-23 00:10:36 🛌 非交易时段，看门狗跳过
2026-07-23 00:26:36 🛌 非交易时段，看门狗跳过
2026-07-23 01:06:07 🛌 非交易时段，看门狗跳过
2026-07-23 01:22:06 🛌 非交易时段，看门狗跳过
2026-07-23 02:02:12 🛌 非交易时段，看门狗跳过
2026-07-23 02:17:38 🛌 非交易时段，看门狗跳过
2026-07-23 02:58:08 🛌 非交易时段，看门狗跳过
2026-07-23 03:13:18 🛌 非交易时段，看门狗跳过
2026-07-23 03:53:39 🛌 非交易时段，看门狗跳过
2026-07-23 04:09:09 🛌 非交易时段，看门狗跳过
2026-07-23 04:49:40 🛌 非交易时段，看门狗跳过
2026-07-23 05:05:10 🛌 非交易时段，看门狗跳过
2026-07-23 05:45:40 🛌 非交易时段，看门狗跳过
2026-07-23 06:01:11 🛌 非交易时段，看门狗跳过
2026-07-23 06:41:11 🛌 非交易时段，看门狗跳过
2026-07-23 06:57:12 🛌 非交易时段，看门狗跳过
2026-07-23 07:36:45 🛌 非交易时段，看门狗跳过
2026-07-23 07:53:48 🛌 非交易时段，看门狗跳过
2026-07-23 08:27:15 🛌 非交易时段，看门狗跳过
2026-07-23 09:35:47 ℹ️ candidate_pool 年龄 868 分钟 (update_time=2026-07-22 19:07:21)
2026-07-23 09:35:47 🚨 候选池陈旧（868 分钟 > 60 分钟），启动重建
2026-07-23 09:35:47 ↻ 重建尝试 1/2
2026-07-23 09:35:47 ▶ 执行: 重建候选池 (build_candidate_pool.py)
2026-07-23 09:37:18 ✓ 重建候选池 完成
2026-07-23 09:37:24 ✓ 候选池已推送到 main (1 个文件)
2026-07-23 09:37:24 ▶ 执行: 前端构建 (update_data_v2.py)
2026-07-23 09:39:17 ✓ 前端构建 完成
2026-07-23 09:39:25 ✓ 候选池已推送到 main (3 个文件)
2026-07-23 09:39:25 ▶ 执行: 强制部署 (deploy_now.py --force)
2026-07-23 09:41:52 ✓ 强制部署 完成
2026-07-23 09:41:52 ✅ 看门狗重建并部署成功
2026-07-23 10:34:19 ℹ️ candidate_pool 年龄 57 分钟 (update_time=2026-07-23 09:37:18)
2026-07-23 10:34:19 ✓ 候选池新鲜（≤60 分钟），无需重建
2026-07-23 11:09:34 ℹ️ candidate_pool 年龄 92 分钟 (update_time=2026-07-23 09:37:18)
2026-07-23 11:09:34 🚨 候选池陈旧（92 分钟 > 60 分钟），启动重建
2026-07-23 11:09:34 ↻ 重建尝试 1/2
2026-07-23 11:09:34 ▶ 执行: 重建候选池 (build_candidate_pool.py)
2026-07-23 11:11:09 ✓ 重建候选池 完成
2026-07-23 11:11:15 ✓ 候选池已推送到 main (1 个文件)
2026-07-23 11:11:15 ▶ 执行: 前端构建 (update_data_v2.py)
2026-07-23 11:13:15 ✓ 前端构建 完成
2026-07-23 11:13:16 ▶ 执行: 强制部署 (deploy_now.py --force)
2026-07-23 11:15:15 ✓ 强制部署 完成
2026-07-23 11:15:15 ✅ 看门狗重建并部署成功
2026-07-23 11:30:08 ℹ️ candidate_pool 年龄 19 分钟 (update_time=2026-07-23 11:11:09)
2026-07-23 11:30:08 ✓ 候选池新鲜（≤60 分钟），无需重建
2026-07-23 12:11:38 ℹ️ candidate_pool 年龄 60 分钟 (update_time=2026-07-23 11:11:09)
2026-07-23 12:11:38 🚨 候选池陈旧（60 分钟 > 60 分钟），启动重建
2026-07-23 12:11:38 ↻ 重建尝试 1/2
2026-07-23 12:11:38 ▶ 执行: 重建候选池 (build_candidate_pool.py)
2026-07-23 12:16:38 ✗ 重建候选池 失败:  83%|########3 | 20/24 [00:00<00:00, 26.95it/s] |  96%|#########5| 23/24 [00:00<00:00, 26.93it/s] | 100%|##########| 24/24 [00:00<00:00, 26.83it/s]
2026-07-23 12:16:43 ↻ 重建尝试 2/2
2026-07-23 12:16:43 ▶ 执行: 重建候选池 (build_candidate_pool.py)
2026-07-23 12:21:43 ✗ 重建候选池 失败:  83%|########3 | 20/24 [00:00<00:00, 21.31it/s] |  96%|#########5| 23/24 [00:01<00:00, 22.02it/s] | 100%|##########| 24/24 [00:01<00:00, 21.58it/s]
2026-07-23 12:21:43 ❌ 看门狗重建失败，候选池仍陈旧，已阻止陈旧数据部署
2026-07-23 12:25:52 ℹ️ candidate_pool 年龄 75 分钟 (update_time=2026-07-23 11:11:09)
2026-07-23 12:25:52 🚨 候选池陈旧（75 分钟 > 60 分钟），启动重建
2026-07-23 12:25:52 ↻ 重建尝试 1/2
2026-07-23 12:25:52 ▶ 执行: 重建候选池 (build_candidate_pool.py)
2026-07-23 12:27:21 ✓ 重建候选池 完成
2026-07-23 12:27:27 ✓ 候选池已推送到 main (1 个文件)
2026-07-23 12:27:27 ▶ 执行: 前端构建 (update_data_v2.py)
2026-07-23 12:29:16 ✓ 前端构建 完成
2026-07-23 12:29:23 ✓ 候选池已推送到 main (3 个文件)
2026-07-23 12:29:23 ▶ 执行: 强制部署 (deploy_now.py --force)
2026-07-23 12:31:54 ✓ 强制部署 完成
2026-07-23 12:31:54 ✅ 看门狗重建并部署成功
2026-07-23 13:18:22 ℹ️ candidate_pool 年龄 51 分钟 (update_time=2026-07-23 12:27:21)
2026-07-23 13:18:22 ✓ 候选池新鲜（≤60 分钟），无需重建
2026-07-23 13:27:53 ℹ️ candidate_pool 年龄 61 分钟 (update_time=2026-07-23 12:27:21)
2026-07-23 13:27:53 🚨 候选池陈旧（61 分钟 > 60 分钟），启动重建
2026-07-23 13:27:53 ↻ 重建尝试 1/2
2026-07-23 13:27:53 ▶ 执行: 重建候选池 (build_candidate_pool.py)
2026-07-23 13:29:23 ✓ 重建候选池 完成
2026-07-23 13:29:29 ↻ 远端领先，执行 safe_pull 后重试推送
2026-07-23 13:29:47 ✓ 候选池已推送到 main (1 个文件)
2026-07-23 13:29:47 ▶ 执行: 前端构建 (update_data_v2.py)
2026-07-23 13:31:37 ✓ 前端构建 完成
2026-07-23 13:31:45 ✓ 候选池已推送到 main (3 个文件)
2026-07-23 13:31:45 ▶ 执行: 强制部署 (deploy_now.py --force)
2026-07-23 13:34:45 ✗ 强制部署 失败:    ✅ origin/main data 扫描通过 (91 个文件, 0 冲突标记) | ------------------------------------------------------- | 5. Auto-syncing source code to main...
2026-07-23 13:34:50 ↻ 重建尝试 2/2
2026-07-23 13:34:50 ▶ 执行: 重建候选池 (build_candidate_pool.py)
2026-07-23 13:36:10 ✓ 重建候选池 完成
2026-07-23 13:36:17 ✓ 候选池已推送到 main (1 个文件)
2026-07-23 13:36:17 ▶ 执行: 前端构建 (update_data_v2.py)
2026-07-23 13:38:09 ✓ 前端构建 完成
2026-07-23 13:38:16 ✓ 候选池已推送到 main (3 个文件)
2026-07-23 13:38:16 ▶ 执行: 强制部署 (deploy_now.py --force)
2026-07-23 13:41:16 ✗ 强制部署 失败: ======================================================= | 0b. Scanning origin/main for conflict markers in data/ ... | =======================================================
2026-07-23 13:41:16 ❌ 看门狗重建失败，候选池仍陈旧，已阻止陈旧数据部署
2026-07-23 14:14:23 ℹ️ candidate_pool 年龄 38 分钟 (update_time=2026-07-23 13:36:10)
2026-07-23 14:14:23 ✓ 候选池新鲜（≤60 分钟），无需重建
2026-07-23 14:43:53 ℹ️ candidate_pool 年龄 68 分钟 (update_time=2026-07-23 13:36:10)
2026-07-23 14:43:53 🚨 候选池陈旧（68 分钟 > 60 分钟），启动重建
2026-07-23 14:43:53 ↻ 重建尝试 1/2
2026-07-23 14:43:53 ▶ 执行: 重建候选池 (build_candidate_pool.py)
2026-07-23 14:45:30 ✓ 重建候选池 完成
2026-07-23 14:45:37 ✓ 候选池已推送到 main (1 个文件)
2026-07-23 14:45:37 ▶ 执行: 前端构建 (update_data_v2.py)
2026-07-23 14:47:29 ✓ 前端构建 完成
2026-07-23 14:47:37 ↻ 远端领先，执行 safe_pull 后重试推送
2026-07-23 14:48:00 ✓ 候选池已推送到 main (3 个文件)
2026-07-23 14:48:00 ▶ 执行: 强制部署 (deploy_now.py --force)
2026-07-23 14:50:36 ✗ 强制部署 失败: hint: Updates were rejected because the remote contains work that you do not | hint: have locally. This is usually cau |    [LOCK] released
2026-07-23 14:50:41 ↻ 重建尝试 2/2
2026-07-23 14:50:41 ▶ 执行: 重建候选池 (build_candidate_pool.py)
2026-07-23 14:52:25 ✓ 重建候选池 完成
2026-07-23 14:52:31 ✓ 候选池已推送到 main (1 个文件)
2026-07-23 14:52:31 ▶ 执行: 前端构建 (update_data_v2.py)
2026-07-23 14:54:25 ✓ 前端构建 完成
2026-07-23 14:54:33 ✓ 候选池已推送到 main (3 个文件)
2026-07-23 14:54:33 ▶ 执行: 强制部署 (deploy_now.py --force)
2026-07-23 14:57:33 ✗ 强制部署 失败: ======================================================= | 0b. Scanning origin/main for conflict markers in data/ ... | =======================================================
2026-07-23 14:57:33 ❌ 看门狗重建失败，候选池仍陈旧，已阻止陈旧数据部署
2026-07-23 15:09:54 🛌 非交易时段，看门狗跳过
2026-07-23 15:55:05 🛌 非交易时段，看门狗跳过
2026-07-23 16:06:10 🛌 非交易时段，看门狗跳过
2026-07-23 16:51:05 🛌 非交易时段，看门狗跳过
2026-07-23 17:02:11 🛌 非交易时段，看门狗跳过
2026-07-23 18:00:49 🛌 非交易时段，看门狗跳过
2026-07-23 18:48:17 🛌 非交易时段，看门狗跳过
2026-07-23 18:58:38 🛌 非交易时段，看门狗跳过
2026-07-23 19:44:03 🛌 非交易时段，看门狗跳过
2026-07-23 19:56:42 🛌 非交易时段，看门狗跳过
2026-07-23 20:39:34 🛌 非交易时段，看门狗跳过
2026-07-23 20:53:34 🛌 非交易时段，看门狗跳过
2026-07-23 21:35:35 🛌 非交易时段，看门狗跳过
2026-07-23 21:49:36 🛌 非交易时段，看门狗跳过
2026-07-23 22:31:14 🛌 非交易时段，看门狗跳过
2026-07-23 22:45:12 🛌 非交易时段，看门狗跳过
2026-07-23 23:27:16 🛌 非交易时段，看门狗跳过
2026-07-23 23:41:16 🛌 非交易时段，看门狗跳过
2026-07-24 01:18:43 🛌 非交易时段，看门狗跳过
2026-07-24 01:32:43 🛌 非交易时段，看门狗跳过
2026-07-24 03:24:48 🛌 非交易时段，看门狗跳过
2026-07-24 04:05:46 🛌 非交易时段，看门狗跳过
2026-07-24 04:20:46 🛌 非交易时段，看门狗跳过
2026-07-24 05:01:17 🛌 非交易时段，看门狗跳过
2026-07-24 05:16:49 🛌 非交易时段，看门狗跳过
2026-07-24 06:52:49 🛌 非交易时段，看门狗跳过
2026-07-24 07:08:47 🛌 非交易时段，看门狗跳过
2026-07-27 10:06:16 ✓ 重建候选池 完成
2026-07-27 10:06:22 ✓ 候选池已推送到 main (1 个文件)
2026-07-27 10:06:22 ▶ 执行: 前端构建 (update_data_v2.py)
2026-07-28 10:08:19 ✓ 重建候选池 完成
2026-07-28 10:08:24 ✓ 候选池已推送到 main (1 个文件)
2026-07-28 10:08:24 ▶ 执行: 前端构建 (update_data_v2.py)
2026-07-28 10:14:40 ✓ 候选池已推送到 main (1 个文件)
2026-07-28 10:14:40 ▶ 执行: 前端构建 (update_data_v2.py)
2026-07-30 16:59:45 🛌 非交易时段，看门狗跳过
2026-07-30 17:20:21 🛌 非交易时段，看门狗跳过
2026-07-30 17:55:22 🛌 非交易时段，看门狗跳过
2026-07-30 18:16:29 🛌 非交易时段，看门狗跳过
2026-07-30 18:51:26 🛌 非交易时段，看门狗跳过
2026-07-30 19:12:42 🛌 非交易时段，看门狗跳过
2026-07-30 19:47:26 🛌 非交易时段，看门狗跳过
2026-07-30 20:08:32 🛌 非交易时段，看门狗跳过
2026-07-30 20:42:59 🛌 非交易时段，看门狗跳过
2026-07-30 21:04:06 🛌 非交易时段，看门狗跳过
2026-07-30 21:38:31 🛌 非交易时段，看门狗跳过
2026-07-30 22:00:13 🛌 非交易时段，看门狗跳过
2026-07-30 22:34:05 🛌 非交易时段，看门狗跳过
2026-07-30 22:56:13 🛌 非交易时段，看门狗跳过
2026-07-30 23:30:03 🛌 非交易时段，看门狗跳过
2026-07-30 23:52:08 🛌 非交易时段，看门狗跳过
2026-07-31 00:26:08 🛌 非交易时段，看门狗跳过
2026-07-31 00:48:13 🛌 非交易时段，看门狗跳过
2026-07-31 01:22:08 🛌 非交易时段，看门狗跳过
2026-07-31 01:44:11 🛌 非交易时段，看门狗跳过
2026-07-31 02:18:10 🛌 非交易时段，看门狗跳过
2026-07-31 02:40:12 🛌 非交易时段，看门狗跳过
2026-07-31 03:14:07 🛌 非交易时段，看门狗跳过
2026-07-31 03:36:43 🛌 非交易时段，看门狗跳过
2026-07-31 04:10:11 🛌 非交易时段，看门狗跳过
2026-07-31 04:32:44 🛌 非交易时段，看门狗跳过
2026-07-31 05:06:10 🛌 非交易时段，看门狗跳过
2026-07-31 05:28:44 🛌 非交易时段，看门狗跳过
2026-07-31 06:02:13 🛌 非交易时段，看门狗跳过
2026-07-31 06:24:43 🛌 非交易时段，看门狗跳过
2026-07-31 06:58:13 🛌 非交易时段，看门狗跳过
2026-07-31 07:20:22 🛌 非交易时段，看门狗跳过
