[    1759ms] [ERROR] Failed to load resource: the server responded with a status of 404 (File not found) @ http://localhost:8769/data/cockpit_advice.json?v=20260723101456:0
[    1767ms] [ERROR] Failed to load resource: the server responded with a status of 404 (File not found) @ http://localhost:8769/data/backtest_comprehensive.json:0
[    1768ms] [ERROR] Failed to load resource: the server responded with a status of 404 (File not found) @ http://localhost:8769/data/backtest_tdx.json?v=20260723101456:0
[    1787ms] [VERBOSE] [DOM] Password field is not contained in a form: (More info: https://goo.gl/9p2vKq) %o @ http://localhost:8769/health.html:0
[    1794ms] [ERROR] Failed to load resource: the server responded with a status of 404 (File not found) @ http://localhost:8769/data/cockpit_backtest.json:0
[    2075ms] [LOG] [standalone] rendered @ http://localhost:8769/health.html:620
[   30137ms] [VERBOSE] [DOM] Password field is not contained in a form: (More info: https://goo.gl/9p2vKq) %o @ http://localhost:8769/health.html:0
[   30137ms] [ERROR] Failed to load resource: the server responded with a status of 404 (File not found) @ http://localhost:8769/data/cockpit_advice.json?v=20260723101456:0
[   30138ms] [ERROR] Failed to load resource: the server responded with a status of 404 (File not found) @ http://localhost:8769/data/backtest_tdx.json?v=20260723101456:0
[   30138ms] [ERROR] Failed to load resource: the server responded with a status of 404 (File not found) @ http://localhost:8769/data/backtest_comprehensive.json:0
[   30151ms] [ERROR] Failed to load resource: the server responded with a status of 404 (File not found) @ http://localhost:8769/data/cockpit_backtest.json:0
[   30337ms] [LOG] [standalone] rendered @ http://localhost:8769/health.html:620
[  115288ms] [ERROR] Failed to load resource: the server responded with a status of 404 (File not found) @ http://localhost:8769/data/cockpit_advice.json?v=20260723101456:0
[  115289ms] [ERROR] Failed to load resource: the server responded with a status of 404 (File not found) @ http://localhost:8769/data/backtest_tdx.json?v=20260723101456:0
[  115289ms] [ERROR] Failed to load resource: the server responded with a status of 404 (File not found) @ http://localhost:8769/data/backtest_comprehensive.json:0
[  115295ms] [VERBOSE] [DOM] Password field is not contained in a form: (More info: https://goo.gl/9p2vKq) %o @ http://localhost:8769/health.html:0
[  115299ms] [ERROR] Failed to load resource: the server responded with a status of 404 (File not found) @ http://localhost:8769/data/cockpit_backtest.json:0
[  115471ms] [LOG] [standalone] rendered @ http://localhost:8769/health.html:620
[  207511ms] [VERBOSE] [DOM] Password field is not contained in a form: (More info: https://goo.gl/9p2vKq) %o @ http://localhost:8769/health.html:0
[  207512ms] [ERROR] Failed to load resource: the server responded with a status of 404 (File not found) @ http://localhost:8769/data/cockpit_advice.json?v=20260723101456:0
[  207512ms] [ERROR] Failed to load resource: the server responded with a status of 404 (File not found) @ http://localhost:8769/data/backtest_comprehensive.json:0
[  207512ms] [ERROR] Failed to load resource: the server responded with a status of 404 (File not found) @ http://localhost:8769/data/backtest_tdx.json?v=20260723101456:0
[  207532ms] [ERROR] Failed to load resource: the server responded with a status of 404 (File not found) @ http://localhost:8769/data/cockpit_backtest.json:0
[  207720ms] [LOG] [standalone] rendered @ http://localhost:8769/health.html:614
[  332973ms] [ERROR] Failed to load resource: the server responded with a status of 404 (File not found) @ http://localhost:8769/data/cockpit_advice.json?v=20260723101456:0
[  332975ms] [ERROR] Failed to load resource: the server responded with a status of 404 (File not found) @ http://localhost:8769/data/backtest_comprehensive.json:0
[  332986ms] [ERROR] Failed to load resource: the server responded with a status of 404 (File not found) @ http://localhost:8769/data/backtest_tdx.json?v=20260723101456:0
[  332995ms] [VERBOSE] [DOM] Password field is not contained in a form: (More info: https://goo.gl/9p2vKq) %o @ http://localhost:8769/health.html:0
[  333202ms] [LOG] [standalone] rendered @ http://localhost:8769/health.html:619
