============================================================
  多维共振评分 · 每日TOP20精选  —  2026-07-20 16:38:17
============================================================
  📊 金股池: 164 只
  ✅ TOP10 已生成: 20 只
     #1 力源信息(300184) 评分58 基础55+增强3+资金0+板块0+机构0
     #2 富瀚微(300613) 评分58 基础55+增强3+资金0+板块0+机构0
     #3 东方国信(300166) 评分58 基础55+增强3+资金0+板块0+机构0
     #4 伟测科技(688372) 评分58 基础55+增强3+资金0+板块0+机构0
     #5 凌云光(688400) 评分58 基础55+增强3+资金0+板块0+机构0
     #6 鹏辉能源(300438) 评分58 基础55+增强3+资金0+板块0+机构0
     #7 大族激光(002008) 评分55 基础55+增强0+资金0+板块0+机构0
     #8 中国巨石(600176) 评分55 基础55+增强0+资金0+板块0+机构0
     #9 英维克(002837) 评分55 基础55+增强0+资金0+板块0+机构0
     #10 潍柴动力(02338) 评分55 基础55+增强0+资金0+板块0+机构0
     #11 微创机器人(02252) 评分55 基础55+增强0+资金0+板块0+机构0
     #12 歌礼制药(01672) 评分55 基础55+增强0+资金0+板块0+机构0
     #13 澜起科技(688008) 评分55 基础55+增强0+资金0+板块0+机构0
     #14 杰瑞股份(002353) 评分55 基础55+增强0+资金0+板块0+机构0
     #15 中际旭创(300308) 评分55 基础55+增强0+资金0+板块0+机构0
     #16 紫光股份(000938) 评分55 基础50+增强5+资金0+板块0+机构0
     #17 润泽科技(300442) 评分55 基础55+增强0+资金0+板块0+机构0
     #18 芯朋微(688508) 评分55 基础55+增强0+资金0+板块0+机构0
     #19 中远海特(600428) 评分54 基础50+增强0+资金0+板块0+机构4
     #20 龙源技术(300105) 评分54 基础50+增强0+资金0+板块0+机构4
  总评分: 164 只

  输出: D:\stock-scanner-repo\repo-temp\data\top10_daily.json

  结果: ✓ 成功 (16:38:17)
