斐波那契窗口追踪 v2.0
  📊 获取K线...
login success!
logout success!
login success!
logout success!
  ✓ 上证80天, 深证80天
  ❌ F(3)(2026-05-25) [missed] → 当日4153 -2.3% (未触发(仍跌2.3%))
  ❌ F(5)(2026-05-27) [missed] → 当日4153 -0.2% (未触发(仍跌0.2%))
  ❌ F(8)(2026-05-30) [missed] → 当日4099 -2.4% (未触发(仍跌2.4%))
  ❌ F(13)(2026-06-04) [missed] → 当日4075 -1.7% (未触发(仍跌1.7%))
  ⚡ F(21)(2026-06-12) [triggered] → 当日3993 +3.3% (反弹3.9%，反转确认)
  ❌ F(34)(2026-06-25) [missed] → 当日4106 -2.2% (未触发(仍跌2.2%))
  🔄 F(55)(2026-07-16) [tracking] → 当日3967 +1.4% (追踪中(数据不足))
  📅 F(34)(2026-07-29) [future]
  📅 F(55)(2026-08-28) [future]
  📐 下轮周期: F(34)(2026-07-29), F(55)(2026-08-28)
  ✓ 上证: D:\stock-scanner-repo\repo-temp\data\sh_index_fib.json
  ❌ F(3)(2026-05-25) [missed] → 当日15857 -3.3% (未触发(仍跌3.3%))
  ⚡ F(5)(2026-05-27) [triggered] → 当日15857 -0.2% (反弹3.3%，反转确认)
  ❌ F(8)(2026-05-30) [missed] → 当日15862 -3.4% (未触发(仍跌3.4%))
  ❌ F(13)(2026-06-04) [missed] → 当日15591 -5.2% (未触发(仍跌5.2%))
  ⚡ F(21)(2026-06-12) [triggered] → 当日14954 +9.4% (反弹9.6%，反转确认)
  ❌ F(34)(2026-06-25) [missed] → 当日15854 -5.2% (未触发(仍跌5.2%))
  🔄 F(55)(2026-07-16) [tracking] → 当日14925 +2.8% (追踪中(数据不足))
  📅 F(34)(2026-07-29) [future]
  📅 F(55)(2026-08-28) [future]
  📐 下轮周期: F(34)(2026-07-29), F(55)(2026-08-28)
  ✓ 深证: D:\stock-scanner-repo\repo-temp\data\sz_index_fib.json
完成
