[09:41:29] 概念涨跌幅排名 v2
==================================================
[09:41:29] 获取概念板块列表（第1次）...
  0%|          | 0/4 [00:00<?, ?it/s] 25%|██▌       | 1/4 [00:01<00:05,  1.78s/it] 50%|█████     | 2/4 [00:03<00:03,  1.65s/it] 75%|███████▌  | 3/4 [00:05<00:01,  1.78s/it]                                             [09:41:44] ✗ 第1次失败: ('Connection aborted.', RemoteDisconnected('Remote end closed connection without response'))
[09:41:46] 获取概念板块列表（第2次）...
  0%|          | 0/4 [00:00<?, ?it/s] 25%|██▌       | 1/4 [00:01<00:05,  1.95s/it] 50%|█████     | 2/4 [00:03<00:03,  1.78s/it] 75%|███████▌  | 3/4 [00:05<00:02,  2.04s/it]100%|██████████| 4/4 [00:07<00:00,  1.87s/it]                                             [09:41:55] ✓ 获取到 495 个概念板块
[09:41:55] 使用涨跌幅字段: 涨跌幅
[09:41:55] 使用名称字段: 板块名称
[09:41:55] ✓ 完成！共 40 个概念
  1. 昨日首板 ▲2.41%
  2. 资源开采概念 ▲2.35%
  3. 昨日涨停 ▲2.21%
  4. SPD概念 ▲1.78%
  5. 昨日涨停_含一字 ▲1.66%
  6. 转基因 ▲1.64%
  7. 油气设服 ▲1.25%
  8. 独家药品 ▲1.04%
  9. 粮食概念 ▲1.04%
  10. 中药概念 ▲1.03%
  11. 医药医疗风格 ▲0.98%
  12. 可燃冰 ▲0.88%
  13. 单抗概念 ▲0.86%
  14. 流感 ▲0.82%
  15. 重组蛋白 ▲0.81%
  16. 特色药 ▲0.80%
  17. 生物疫苗 ▲0.79%
  18. 病原体防治 ▲0.74%
  19. 精准诊断 ▲0.70%
  20. 创新药 ▲0.67%
  21. 卫星互联网 ▼4.33%
  22. 空间站概念 ▼4.13%
  23. 昨日触板 ▼3.96%
  24. 昨日高换手 ▼3.80%
  25. 氦气概念 ▼3.73%
  26. 昨日炸板 ▼3.70%
  27. 历史新高 ▼3.69%
  28. F5G概念 ▼3.61%
  29. IPv6 ▼3.56%
  30. 工业气体 ▼3.55%
  31. 全息技术 ▼3.45%
  32. 北斗导航 ▼3.41%
  33. 商业航天 ▼3.40%
  34. 国资云概念 ▼3.34%
  35. 6G概念 ▼3.28%
  36. 航天航空 ▼3.26%
  37. 军民融合 ▼3.19%
  38. 华为欧拉 ▼3.10%
  39. 时空大数据 ▼3.07%
  40. 第四代半导体 ▼2.99%
