============================================================
  涨停热力矩阵采集  —  2026-07-14 11:56:36
============================================================
  📊 今日(07/14): 48 只涨停

  ✅ 热力矩阵: 10 日 × 15 板块
     其他: [84, 57, 47, 48, 29, 21, 15, 18, 20, 16]  (累计355)
     医药: [22, 11, 18, 33, 4, 3, 3, 14, 16, 15]  (累计139)
     机器人: [49, 13, 28, 20, 13, 3, 5, 12, 5, 5]  (累计153)
     电力: [3, 4, 5, 4, 2, 2, 2, 4, 3, 3]  (累计32)
     地产链: [6, 6, 3, 4, 4, 5, 4, 3, 2, 2]  (累计39)
     半导体: [131, 4, 11, 9, 8, 11, 19, 33, 6, 2]  (累计234)
     通信设备: [6, 1, 5, 5, 3, 3, 2, 7, 2, 2]  (累计36)
     新能源车: [4, 9, 9, 10, 5, 4, 2, 6, 4, 1]  (累计54)
     军工: [5, 2, 4, 5, 3, 3, 1, 6, 1, 1]  (累计31)
     消费电子: [37, 6, 11, 15, 5, 4, 5, 8, 2, 1]  (累计94)
     光伏: [6, 1, 5, 2, 0, 0, 0, 0, 0, 0]  (累计14)
     白酒消费: [1, 2, 0, 1, 0, 1, 1, 0, 0, 0]  (累计6)
     券商: [11, 0, 2, 1, 0, 0, 0, 0, 0, 0]  (累计14)
     AI算力: [13, 0, 4, 3, 5, 5, 7, 9, 6, 0]  (累计52)
     固态电池: [3, 1, 3, 3, 1, 0, 1, 1, 0, 0]  (累计13)

  输出: D:\stock-scanner-repo\repo-temp\data\limit_up_heatmap.json
