[2026-07-26 20:25:33] 值守启动 | 今天=2026-07-26 交易日=False 最近交易日=2026-07-24
[2026-07-26 20:25:55]   已同步 origin/main 最新数据
[2026-07-26 20:25:55] OK sector_fund_flow.json: 周末可接受 (2026-07-24 17:59)
[2026-07-26 20:25:55] OK etf_subscription.json: 周末可接受 (2026-07-24 17:37)
[2026-07-26 20:25:55] OK concept_ranking.json: 周末可接受 (2026-07-24 19:26:21)
[2026-07-26 20:25:55] OK market_alerts.json: 周末可接受 (2026-07-24 18:02:04)
[2026-07-26 20:25:55] OK sector_rs.json: 周末可接受 (2026-07-25 13:52)
[2026-07-26 20:25:55] OK sh_index_fib.json: 周末可接受 (2026-07-24 17:42)
[2026-07-26 20:25:55] OK main_stock.json: 周末可接受 (2026-07-24 18:03)
[2026-07-26 20:25:55] OK north_fund.json: 周末可接受 (2026-07-24 19:25:43)
[2026-07-26 20:25:55] OK herding_data.json: 周末可接受 (2026-07-24 18:03:24)
[2026-07-26 20:25:55] OK lhb_result.json: 周末可接受 (2026-07-24 19:27:57)
[2026-07-26 20:25:55] FIX maharo_signals.json: 非行情类陈旧 (82h) -> 待修复
[2026-07-26 20:25:55] OK crisis_data.json: 新鲜 (2026-07-25 13:15:49)
[2026-07-26 20:25:55] OK gold_pool.json: 新鲜 (2026-07-26 19:10:32)
[2026-07-26 20:25:55] WARN cockpit_backtest.json: 无有效时间，视为缺失
[2026-07-26 20:25:55] OK top10_daily.json: 周末可接受 (2026-07-25 13:09:55)
[2026-07-26 20:25:55] OK nt_data.json: 周末可接受 (2026-07-24 17:35)
[2026-07-26 20:25:55] OK crds_result.json: 周末可接受 (2026-07-24 19:14:52)
[2026-07-26 20:25:55] OK capital_flow_summary.json: 周末可接受 (2026-07-24 17:38:32)
[2026-07-26 20:29:44] 值守启动 | 今天=2026-07-26 交易日=False 最近交易日=2026-07-24
[2026-07-26 20:29:52]   已同步 origin/main 最新数据
[2026-07-26 20:29:52] OK sector_fund_flow.json: 周末可接受 (2026-07-24 17:59)
[2026-07-26 20:29:52] OK etf_subscription.json: 周末可接受 (2026-07-24 17:37)
[2026-07-26 20:29:52] OK concept_ranking.json: 周末可接受 (2026-07-24 19:26:21)
[2026-07-26 20:29:52] OK market_alerts.json: 周末可接受 (2026-07-24 18:02:04)
[2026-07-26 20:29:52] OK sector_rs.json: 周末可接受 (2026-07-25 13:52)
[2026-07-26 20:29:52] OK sh_index_fib.json: 周末可接受 (2026-07-24 17:42)
[2026-07-26 20:29:52] OK main_stock.json: 周末可接受 (2026-07-24 18:03)
[2026-07-26 20:29:52] OK north_fund.json: 周末可接受 (2026-07-24 19:25:43)
[2026-07-26 20:29:52] OK herding_data.json: 周末可接受 (2026-07-24 18:03:24)
[2026-07-26 20:29:52] OK lhb_result.json: 周末可接受 (2026-07-24 19:27:57)
[2026-07-26 20:29:52] FIX maharo_signals.json: 非行情类陈旧 (82h) -> 待修复
[2026-07-26 20:29:52] OK crisis_data.json: 新鲜 (2026-07-25 13:15:49)
[2026-07-26 20:29:52] OK gold_pool.json: 新鲜 (2026-07-26 19:10:32)
[2026-07-26 20:29:52] WARN cockpit_backtest.json: 无有效时间，视为缺失
[2026-07-26 20:29:52] OK top10_daily.json: 周末可接受 (2026-07-25 13:09:55)
[2026-07-26 20:29:52] OK nt_data.json: 周末可接受 (2026-07-24 17:35)
[2026-07-26 20:29:52] OK crds_result.json: 周末可接受 (2026-07-24 19:14:52)
[2026-07-26 20:29:52] OK capital_flow_summary.json: 周末可接受 (2026-07-24 17:38:32)
[2026-07-26 20:29:52] WARN recommend.json: 无有效时间，视为缺失
[2026-07-26 20:29:52] OK margin_data.json: 周末可接受 (2026-07-24 19:25)
[2026-07-26 20:29:52] OK sh_sz_history.json: 周末可接受 (2026-07-24 19:27:06)
[2026-07-26 20:29:52] OK macro_data.json: 新鲜 (2026-07-26 10:44:07)
[2026-07-26 20:29:52] FIX industry_map.json: 非行情类陈旧 (49h) -> 待修复
[2026-07-26 20:29:52] WARN stock_names.json: 无有效时间，视为缺失
[2026-07-26 20:29:52] FIX guanlan_reports.json: 非行情类陈旧 (60h) -> 待修复
[2026-07-26 20:29:52] WARN overnight_timeline.json: 无有效时间，视为缺失
[2026-07-26 20:29:52] OK fomc_summary.json: 新鲜 (2026-07-25 13:15:40)
[2026-07-26 20:29:52] 开始自动修复 6 项...
[2026-07-26 20:29:52]   运行 fetch_maharo_signals.py
[2026-07-26 20:29:53]   运行 --non-interactive
[2026-07-26 20:29:53]   运行 cockpit_backtest_now.py
[2026-07-26 20:30:03]   运行 fetch_industry_map.py
[2026-07-26 20:30:04]   运行 fetch_stock_names.py
[2026-07-26 20:31:15]   运行 guanlan_extractor.py
[2026-07-26 20:31:17]   运行 fetch_overnight_timeline.py
[2026-07-26 20:31:18]   重建 dist (update_data_v2.py --fast)
[2026-07-26 20:31:37]   推送数据到 main (push_china_data.py)
[2026-07-26 20:34:37]   [ERR] push_china_data.py 失败: Command '['C:\\Users\\HH20210606\\.workbuddy\\binaries\\python\\versions\\3.13.12\\python.exe', 'push_china_data.py']' timed out after 180 seconds
[2026-07-26 20:34:37]   部署 (deploy_now.py --force)
[2026-07-26 20:37:06] 自动修复完成，共 6 项
